Component: ARM Compiler 5.06 update 5 (build 528) Tool: armlink [4d35e2]

==============================================================================

Section Cross References

    startup_stm32f10x_md.o(STACK) refers (Special) to heapauxi.o(.text) for __use_two_region_memory
    startup_stm32f10x_md.o(HEAP) refers (Special) to heapauxi.o(.text) for __use_two_region_memory
    startup_stm32f10x_md.o(RESET) refers (Special) to heapauxi.o(.text) for __use_two_region_memory
    startup_stm32f10x_md.o(RESET) refers to startup_stm32f10x_md.o(STACK) for __initial_sp
    startup_stm32f10x_md.o(RESET) refers to startup_stm32f10x_md.o(.text) for Reset_Handler
    startup_stm32f10x_md.o(RESET) refers to stm32f10x_it.o(i.NMI_Handler) for NMI_Handler
    startup_stm32f10x_md.o(RESET) refers to stm32f10x_it.o(i.HardFault_Handler) for HardFault_Handler
    startup_stm32f10x_md.o(RESET) refers to stm32f10x_it.o(i.MemManage_Handler) for MemManage_Handler
    startup_stm32f10x_md.o(RESET) refers to stm32f10x_it.o(i.BusFault_Handler) for BusFault_Handler
    startup_stm32f10x_md.o(RESET) refers to stm32f10x_it.o(i.UsageFault_Handler) for UsageFault_Handler
    startup_stm32f10x_md.o(RESET) refers to port.o(.emb_text) for SVC_Handler
    startup_stm32f10x_md.o(RESET) refers to stm32f10x_it.o(i.DebugMon_Handler) for DebugMon_Handler
    startup_stm32f10x_md.o(RESET) refers to delay.o(i.SysTick_Handler) for SysTick_Handler
    startup_stm32f10x_md.o(RESET) refers to app_task.o(i.TIM2_IRQHandler) for TIM2_IRQHandler
    startup_stm32f10x_md.o(RESET) refers to app_task.o(i.TIM4_IRQHandler) for TIM4_IRQHandler
    startup_stm32f10x_md.o(RESET) refers to usart.o(i.USART1_IRQHandler) for USART1_IRQHandler
    startup_stm32f10x_md.o(.text) refers (Special) to heapauxi.o(.text) for __use_two_region_memory
    startup_stm32f10x_md.o(.text) refers to system_stm32f10x.o(i.SystemInit) for SystemInit
    startup_stm32f10x_md.o(.text) refers to __main.o(!!!main) for __main
    startup_stm32f10x_md.o(.text) refers to startup_stm32f10x_md.o(HEAP) for Heap_Mem
    startup_stm32f10x_md.o(.text) refers to startup_stm32f10x_md.o(STACK) for Stack_Mem
    system_stm32f10x.o(i.SetSysClock) refers to system_stm32f10x.o(i.SetSysClockTo72) for SetSysClockTo72
    system_stm32f10x.o(i.SystemCoreClockUpdate) refers to system_stm32f10x.o(.data) for SystemCoreClock
    system_stm32f10x.o(i.SystemInit) refers to system_stm32f10x.o(i.SetSysClock) for SetSysClock
    stm32f10x_adc.o(i.ADC_DeInit) refers to stm32f10x_rcc.o(i.RCC_APB2PeriphResetCmd) for RCC_APB2PeriphResetCmd
    stm32f10x_bkp.o(i.BKP_DeInit) refers to stm32f10x_rcc.o(i.RCC_BackupResetCmd) for RCC_BackupResetCmd
    stm32f10x_can.o(i.CAN_DeInit) refers to stm32f10x_rcc.o(i.RCC_APB1PeriphResetCmd) for RCC_APB1PeriphResetCmd
    stm32f10x_can.o(i.CAN_GetITStatus) refers to stm32f10x_can.o(i.CheckITStatus) for CheckITStatus
    stm32f10x_cec.o(i.CEC_DeInit) refers to stm32f10x_rcc.o(i.RCC_APB1PeriphResetCmd) for RCC_APB1PeriphResetCmd
    stm32f10x_dac.o(i.DAC_DeInit) refers to stm32f10x_rcc.o(i.RCC_APB1PeriphResetCmd) for RCC_APB1PeriphResetCmd
    stm32f10x_flash.o(i.FLASH_EnableWriteProtection) refers to stm32f10x_flash.o(i.FLASH_WaitForLastOperation) for FLASH_WaitForLastOperation
    stm32f10x_flash.o(i.FLASH_EraseAllBank1Pages) refers to stm32f10x_flash.o(i.FLASH_WaitForLastBank1Operation) for FLASH_WaitForLastBank1Operation
    stm32f10x_flash.o(i.FLASH_EraseAllPages) refers to stm32f10x_flash.o(i.FLASH_WaitForLastOperation) for FLASH_WaitForLastOperation
    stm32f10x_flash.o(i.FLASH_EraseOptionBytes) refers to stm32f10x_flash.o(i.FLASH_GetReadOutProtectionStatus) for FLASH_GetReadOutProtectionStatus
    stm32f10x_flash.o(i.FLASH_EraseOptionBytes) refers to stm32f10x_flash.o(i.FLASH_WaitForLastOperation) for FLASH_WaitForLastOperation
    stm32f10x_flash.o(i.FLASH_ErasePage) refers to stm32f10x_flash.o(i.FLASH_WaitForLastOperation) for FLASH_WaitForLastOperation
    stm32f10x_flash.o(i.FLASH_ProgramHalfWord) refers to stm32f10x_flash.o(i.FLASH_WaitForLastOperation) for FLASH_WaitForLastOperation
    stm32f10x_flash.o(i.FLASH_ProgramOptionByteData) refers to stm32f10x_flash.o(i.FLASH_WaitForLastOperation) for FLASH_WaitForLastOperation
    stm32f10x_flash.o(i.FLASH_ProgramWord) refers to stm32f10x_flash.o(i.FLASH_WaitForLastOperation) for FLASH_WaitForLastOperation
    stm32f10x_flash.o(i.FLASH_ReadOutProtection) refers to stm32f10x_flash.o(i.FLASH_WaitForLastOperation) for FLASH_WaitForLastOperation
    stm32f10x_flash.o(i.FLASH_UserOptionByteConfig) refers to stm32f10x_flash.o(i.FLASH_WaitForLastOperation) for FLASH_WaitForLastOperation
    stm32f10x_flash.o(i.FLASH_WaitForLastBank1Operation) refers to stm32f10x_flash.o(i.FLASH_GetBank1Status) for FLASH_GetBank1Status
    stm32f10x_flash.o(i.FLASH_WaitForLastOperation) refers to stm32f10x_flash.o(i.FLASH_GetBank1Status) for FLASH_GetBank1Status
[...]
    EXTI1_IRQHandler                         0x0800029f   Thumb Code     0  startup_stm32f10x_md.o(.text)
    EXTI2_IRQHandler                         0x0800029f   Thumb Code     0  startup_stm32f10x_md.o(.text)
    EXTI3_IRQHandler                         0x0800029f   Thumb Code     0  startup_stm32f10x_md.o(.text)
    EXTI4_IRQHandler                         0x0800029f   Thumb Code     0  startup_stm32f10x_md.o(.text)
    EXTI9_5_IRQHandler                       0x0800029f   Thumb Code     0  startup_stm32f10x_md.o(.text)
    FLASH_IRQHandler                         0x0800029f   Thumb Code     0  startup_stm32f10x_md.o(.text)
    I2C1_ER_IRQHandler                       0x0800029f   Thumb Code     0  startup_stm32f10x_md.o(.text)
    I2C1_EV_IRQHandler                       0x0800029f   Thumb Code     0  startup_stm32f10x_md.o(.text)
    I2C2_ER_IRQHandler                       0x0800029f   Thumb Code     0  startup_stm32f10x_md.o(.text)
    I2C2_EV_IRQHandler                       0x0800029f   Thumb Code     0  startup_stm32f10x_md.o(.text)
    PVD_IRQHandler                           0x0800029f   Thumb Code     0  startup_stm32f10x_md.o(.text)
    RCC_IRQHandler                           0x0800029f   Thumb Code     0  startup_stm32f10x_md.o(.text)
    RTCAlarm_IRQHandler                      0x0800029f   Thumb Code     0  startup_stm32f10x_md.o(.text)
    RTC_IRQHandler                           0x0800029f   Thumb Code     0  startup_stm32f10x_md.o(.text)
    SPI1_IRQHandler                          0x0800029f   Thumb Code     0  startup_stm32f10x_md.o(.text)
    SPI2_IRQHandler                          0x0800029f   Thumb Code     0  startup_stm32f10x_md.o(.text)
    TAMPER_IRQHandler                        0x0800029f   Thumb Code     0  startup_stm32f10x_md.o(.text)
    TIM1_BRK_IRQHandler                      0x0800029f   Thumb Code     0  startup_stm32f10x_md.o(.text)
    TIM1_CC_IRQHandler                       0x0800029f   Thumb Code     0  startup_stm32f10x_md.o(.text)
    TIM1_TRG_COM_IRQHandler                  0x0800029f   Thumb Code     0  startup_stm32f10x_md.o(.text)
    TIM1_UP_IRQHandler                       0x0800029f   Thumb Code     0  startup_stm32f10x_md.o(.text)
    TIM3_IRQHandler                          0x0800029f   Thumb Code     0  startup_stm32f10x_md.o(.text)
    USART2_IRQHandler                        0x0800029f   Thumb Code     0  startup_stm32f10x_md.o(.text)
    USART3_IRQHandler                        0x0800029f   Thumb Code     0  startup_stm32f10x_md.o(.text)
    USBWakeUp_IRQHandler                     0x0800029f   Thumb Code     0  startup_stm32f10x_md.o(.text)
    USB_HP_CAN1_TX_IRQHandler                0x0800029f   Thumb Code     0  startup_stm32f10x_md.o(.text)
    USB_LP_CAN1_RX0_IRQHandler               0x0800029f   Thumb Code     0  startup_stm32f10x_md.o(.text)
    WWDG_IRQHandler                          0x0800029f   Thumb Code     0  startup_stm32f10x_md.o(.text)
    __user_initial_stackheap                 0x080002a1   Thumb Code     0  startup_stm32f10x_md.o(.text)
    __use_no_semihosting                     0x080002c5   Thumb Code     2  use_no_semi_2.o(.text)
    __2printf                                0x080002c9   Thumb Code    20  noretval__2printf.o(.text)
    __2sprintf                               0x080002e1   Thumb Code    34  noretval__2sprintf.o(.text)
    _printf_str                              0x08000309   Thumb Code    82  _printf_str.o(.text)
    _printf_int_dec                          0x0800035d   Thumb Code   104  _printf_dec.o(.text)
    __printf                                 0x080003d5   Thumb Code   270  __printf_wp.o(.text)
    __aeabi_memcpy                           0x080004e3   Thumb Code     0  rt_memcpy_v6.o(.text)
    __rt_memcpy                              0x080004e3   Thumb Code   138  rt_memcpy_v6.o(.text)
    _memcpy_lastbytes                        0x08000549   Thumb Code     0  rt_memcpy_v6.o(.text)
    __aeabi_memset                           0x0800056d   Thumb Code    16  aeabi_memset.o(.text)
    __use_two_region_memory                  0x0800057d   Thumb Code     2  heapauxi.o(.text)
    __rt_heap_escrow$2region                 0x0800057f   Thumb Code     2  heapauxi.o(.text)
    __rt_heap_expand$2region                 0x08000581   Thumb Code     2  heapauxi.o(.text)
    __I$use$semihosting                      0x08000583   Thumb Code     0  use_no_semi.o(.text)
    __use_no_semihosting_swi                 0x08000583   Thumb Code     2  use_no_semi.o(.text)
    __read_errno                             0x08000585   Thumb Code    10  _rserrno.o(.text)
    __set_errno                              0x0800058f   Thumb Code    12  _rserrno.o(.text)
    _printf_int_common                       0x0800059b   Thumb Code   178  _printf_intcommon.o(.text)
    __lib_sel_fp_printf                      0x0800064d   Thumb Code     2  _printf_fp_dec.o(.text)
    _printf_fp_dec_real                      0x080007ff   Thumb Code   620  _printf_fp_dec.o(.text)
    _printf_char_common                      0x08000a77   Thumb Code    32  _printf_char_common.o(.text)
    _sputc                                   0x08000a9d   Thumb Code    10  _sputc.o(.text)
    _printf_cs_common                        0x08000aa7   Thumb Code    20  _printf_char.o(.text)
    _printf_char                             0x08000abb   Thumb Code    16  _printf_char.o(.text)
    _printf_string                           0x08000acb   Thumb Code     8  _printf_char.o(.text)
    _printf_char_file                        0x08000ad5   Thumb Code    32  _printf_char_file.o(.text)
    __aeabi_memcpy4                          0x08000af9   Thumb Code     0  rt_memcpy_w.o(.text)
    __aeabi_memcpy8                          0x08000af9   Thumb Code     0  rt_memcpy_w.o(.text)
    __rt_memcpy_w                            0x08000af9   Thumb Code   100  rt_memcpy_w.o(.text)
    _memcpy_lastbytes_aligned                0x08000b41   Thumb Code     0  rt_memcpy_w.o(.text)
    __aeabi_memclr                           0x08000b5d   Thumb Code     0  rt_memclr.o(.text)
    __rt_memclr                              0x08000b5d   Thumb Code    68  rt_memclr.o(.text)
    _memset                                  0x08000b61   Thumb Code     0  rt_memclr.o(.text)
    __rt_locale                              0x08000ba1   Thumb Code     8  rt_locale_intlibspace.o(.text)
    __aeabi_errno_addr                       0x08000ba9   Thumb Code     8  rt_errno_addr_intlibspace.o(.text)
    __errno$intlibspace                      0x08000ba9   Thumb Code     0  rt_errno_addr_intlibspace.o(.text)
    __rt_errno_addr$intlibspace              0x08000ba9   Thumb Code     0  rt_errno_addr_intlibspace.o(.text)
    _ll_udiv10                               0x08000bb1   Thumb Code   138  lludiv10.o(.text)
    _printf_fp_infnan                        0x08000c3d   Thumb Code   112  _printf_fp_infnan.o(.text)
    _btod_etento                             0x08000cbd   Thumb Code   224  bigflt0.o(.text)
    ferror                                   0x08000da1   Thumb Code     8  ferror.o(.text)
    __aeabi_memclr4                          0x08000da9   Thumb Code     0  rt_memclr_w.o(.text)
    __aeabi_memclr8                          0x08000da9   Thumb Code     0  rt_memclr_w.o(.text)
    __rt_memclr_w                            0x08000da9   Thumb Code    78  rt_memclr_w.o(.text)
    _memset_w                                0x08000dad   Thumb Code     0  rt_memclr_w.o(.text)
    __user_libspace                          0x08000df9   Thumb Code     8  libspace.o(.text)
    __user_perproc_libspace                  0x08000df9   Thumb Code     0  libspace.o(.text)
    __user_perthread_libspace                0x08000df9   Thumb Code     0  libspace.o(.text)
    __user_setup_stackheap                   0x08000e01   Thumb Code    74  sys_stackheap_outer.o(.text)
    exit                                     0x08000e4b   Thumb Code    18  exit.o(.text)
    strcmp                                   0x08000e5d   Thumb Code   128  strcmpv7m.o(.text)
    _btod_d2e                                0x08000edd   Thumb Code    62  btod.o(CL$$btod_d2e)
    _d2e_denorm_low                          0x08000f1b   Thumb Code    70  btod.o(CL$$btod_d2e_denorm_low)
    _d2e_norm_op1                            0x08000f61   Thumb Code    96  btod.o(CL$$btod_d2e_norm_op1)
    __btod_div_common                        0x08000fc1   Thumb Code   696  btod.o(CL$$btod_div_common)
    _e2e                                     0x080012f9   Thumb Code   220  btod.o(CL$$btod_e2e)
    _btod_ediv                               0x080013d5   Thumb Code    42  btod.o(CL$$btod_ediv)
    _btod_emul                               0x080013ff   Thumb Code    42  btod.o(CL$$btod_emul)
    __btod_mult_common                       0x08001429   Thumb Code   580  btod.o(CL$$btod_mult_common)
    ADC_Cmd                                  0x0800166d   Thumb Code    22  stm32f10x_adc.o(i.ADC_Cmd)
    ADC_DeInit                               0x08001685   Thumb Code    78  stm32f10x_adc.o(i.ADC_DeInit)
    ADC_GetCalibrationStatus                 0x080016e1   Thumb Code    20  stm32f10x_adc.o(i.ADC_GetCalibrationStatus)
    ADC_GetConversionValue                   0x080016f5   Thumb Code     8  stm32f10x_adc.o(i.ADC_GetConversionValue)
    ADC_GetFlagStatus                        0x080016fd   Thumb Code    18  stm32f10x_adc.o(i.ADC_GetFlagStatus)
    ADC_GetResetCalibrationStatus            0x0800170f   Thumb Code    20  stm32f10x_adc.o(i.ADC_GetResetCalibrationStatus)
    ADC_Init                                 0x08001725   Thumb Code    70  stm32f10x_adc.o(i.ADC_Init)
    ADC_RegularChannelConfig                 0x08001775   Thumb Code   184  stm32f10x_adc.o(i.ADC_RegularChannelConfig)
    ADC_ResetCalibration                     0x0800182d   Thumb Code    10  stm32f10x_adc.o(i.ADC_ResetCalibration)
    ADC_SoftwareStartConvCmd                 0x08001837   Thumb Code    22  stm32f10x_adc.o(i.ADC_SoftwareStartConvCmd)
    ADC_StartCalibration                     0x0800184d   Thumb Code    10  stm32f10x_adc.o(i.ADC_StartCalibration)
    AntiBackflowTask                         0x08001859   Thumb Code   116  app_task.o(i.AntiBackflowTask)
    Beep_Init                                0x080018d9   Thumb Code   130  beep.o(i.Beep_Init)
    Beep_config                              0x08001979   Thumb Code    38  beep.o(i.Beep_config)
    Beep_off                                 0x0800199f   Thumb Code    14  beep.o(i.Beep_off)
    Beep_on                                  0x080019ad   Thumb Code    14  beep.o(i.Beep_on)
    BusFault_Handler                         0x080019bb   Thumb Code     4  stm32f10x_it.o(i.BusFault_Handler)
    Buzzer_Beep                              0x080019bf   Thumb Code    26  beep.o(i.Buzzer_Beep)
    Clock                                    0x080019d9   Thumb Code   130  dht11.o(i.Clock)
    DHT11_Read                               0x08001aa1   Thumb Code    38  dht11.o(i.DHT11_Read)
    DHT11_Start                              0x08001ac7   Thumb Code    74  dht11.o(i.DHT11_Start)
    DHT_Read_Byte                            0x08001b11   Thumb Code   110  dht11.o(i.DHT_Read_Byte)
    DHT_Read_Data                            0x08001b81   Thumb Code   194  dht11.o(i.DHT_Read_Data)
    DebugMon_Handler                         0x08001c4d   Thumb Code     2  stm32f10x_it.o(i.DebugMon_Handler)
    GPIO_Init                                0x08001c4f   Thumb Code   278  stm32f10x_gpio.o(i.GPIO_Init)
    GPIO_ReadInputDataBit                    0x08001d65   Thumb Code    18  stm32f10x_gpio.o(i.GPIO_ReadInputDataBit)
    GPIO_ResetBits                           0x08001d77   Thumb Code     4  stm32f10x_gpio.o(i.GPIO_ResetBits)
    GPIO_SetBits                             0x08001d7b   Thumb Code     4  stm32f10x_gpio.o(i.GPIO_SetBits)
    GUI_DrawFont16                           0x08001d81   Thumb Code   252  gui.o(i.GUI_DrawFont16)
    GUI_DrawFont24                           0x08001e89   Thumb Code   268  gui.o(i.GUI_DrawFont24)
    GUI_DrawFont32                           0x08001fa1   Thumb Code   252  gui.o(i.GUI_DrawFont32)
    HardFault_Handler                        0x080020a9   Thumb Code     4  stm32f10x_it.o(i.HardFault_Handler)
    Key1_ClearEvent                          0x08002135   Thumb Code     8  key_1.o(i.Key1_ClearEvent)
    Key1_GetEvent                            0x08002141   Thumb Code     6  key_1.o(i.Key1_GetEvent)
    Key2_ClearEvent                          0x08002165   Thumb Code     8  key_1.o(i.Key2_ClearEvent)
    Key2_GetEvent                            0x08002171   Thumb Code     6  key_1.o(i.Key2_GetEvent)
    KeyScanTask                              0x08002199   Thumb Code   164  app_task.o(i.KeyScanTask)
    Key_Init                                 0x08002249   Thumb Code    60  key_1.o(i.Key_Init)
    Key_Scan                                 0x08002299   Thumb Code    16  key_1.o(i.Key_Scan)
    LCD_Clear                                0x08002345   Thumb Code    88  lcd.o(i.LCD_Clear)
    LCD_DrawPoint                            0x080023a5   Thumb Code    24  lcd.o(i.LCD_DrawPoint)
    LCD_GPIOInit                             0x080023c1   Thumb Code    40  lcd.o(i.LCD_GPIOInit)
    LCD_Init                                 0x080023ed   Thumb Code   570  lcd.o(i.LCD_Init)
    LCD_RESET                                0x0800262d   Thumb Code    34  lcd.o(i.LCD_RESET)
    LCD_SetCursor                            0x08002655   Thumb Code    20  lcd.o(i.LCD_SetCursor)
    LCD_SetWindows                           0x08002669   Thumb Code    84  lcd.o(i.LCD_SetWindows)
    LCD_ShowChar                             0x080026c1   Thumb Code   276  gui.o(i.LCD_ShowChar)
    LCD_WR_DATA                              0x080027e5   Thumb Code    38  lcd.o(i.LCD_WR_DATA)
    LCD_WR_REG                               0x08002815   Thumb Code    36  lcd.o(i.LCD_WR_REG)
    LCD_WriteRAM_Prepare                     0x08002841   Thumb Code    12  lcd.o(i.LCD_WriteRAM_Prepare)
    LCD_WriteReg                             0x08002851   Thumb Code    20  lcd.o(i.LCD_WriteReg)
    LCD_direction                            0x08002865   Thumb Code   120  lcd.o(i.LCD_direction)
    Lcd_WriteData_16Bit                      0x080028e1   Thumb Code    46  lcd.o(i.Lcd_WriteData_16Bit)
    MQ2_GetAdcValue                          0x08002919   Thumb Code    48  mq2.o(i.MQ2_GetAdcValue)
    MQ2_GetGasConcentration                  0x0800294d   Thumb Code   180  mq2.o(i.MQ2_GetGasConcentration)
    MQ2_Init                                 0x08002a1d   Thumb Code   132  mq2.o(i.MQ2_Init)
    MemManage_Handler                        0x08002aa9   Thumb Code     4  stm32f10x_it.o(i.MemManage_Handler)
    MotorControlTask                         0x08002aad   Thumb Code   546  app_task.o(i.MotorControlTask)
    NMI_Handler                              0x08002cf9   Thumb Code     2  stm32f10x_it.o(i.NMI_Handler)
    NVIC_Init                                0x08002cfd   Thumb Code   100  misc.o(i.NVIC_Init)
    NVIC_PriorityGroupConfig                 0x08002d6d   Thumb Code    10  misc.o(i.NVIC_PriorityGroupConfig)
    PID_Calculate                            0x08002d81   Thumb Code   166  pid.o(i.PID_Calculate)
    PID_Init                                 0x08002e27   Thumb Code    60  pid.o(i.PID_Init)
    PID_SetTarget                            0x08002e63   Thumb Code     4  pid.o(i.PID_SetTarget)
    RCC_ADCCLKConfig                         0x08002e69   Thumb Code    18  stm32f10x_rcc.o(i.RCC_ADCCLKConfig)
    RCC_APB1PeriphClockCmd                   0x08002e81   Thumb Code    26  stm32f10x_rcc.o(i.RCC_APB1PeriphClockCmd)
    RCC_APB2PeriphClockCmd                   0x08002ea1   Thumb Code    26  stm32f10x_rcc.o(i.RCC_APB2PeriphClockCmd)
    RCC_APB2PeriphResetCmd                   0x08002ec1   Thumb Code    26  stm32f10x_rcc.o(i.RCC_APB2PeriphResetCmd)
    RCC_GetClocksFreq                        0x08002ee1   Thumb Code   192  stm32f10x_rcc.o(i.RCC_GetClocksFreq)
    SPI1_Init                                0x08002fb5   Thumb Code   144  spi.o(i.SPI1_Init)
    SPI_Cmd                                  0x0800304d   Thumb Code    24  stm32f10x_spi.o(i.SPI_Cmd)
    SPI_Init                                 0x08003065   Thumb Code    60  stm32f10x_spi.o(i.SPI_Init)
    SPI_WriteByte                            0x080030a1   Thumb Code    34  spi.o(i.SPI_WriteByte)
    SensorTask                               0x080030c5   Thumb Code   124  app_task.o(i.SensorTask)
    Show_Str                                 0x08003239   Thumb Code   264  gui.o(i.Show_Str)
    SpeedCalcTask                            0x08003345   Thumb Code    40  app_task.o(i.SpeedCalcTask)
    StartTask                                0x08003375   Thumb Code   174  app_task.o(i.StartTask)
    StartTask_Create                         0x0800349d   Thumb Code    24  app_task.o(i.StartTask_Create)
    SysTick_CLKSourceConfig                  0x080034c9   Thumb Code    40  misc.o(i.SysTick_CLKSourceConfig)
    SysTick_Handler                          0x080034f1   Thumb Code    16  delay.o(i.SysTick_Handler)
    SystemInit                               0x08003501   Thumb Code    78  system_stm32f10x.o(i.SystemInit)
    System_Init                              0x08003561   Thumb Code    64  app_task.o(i.System_Init)
    System_SwitchMode                        0x080035b1   Thumb Code   114  app_task.o(i.System_SwitchMode)
    System_SwitchSpeedLevel                  0x08003631   Thumb Code    66  app_task.o(i.System_SwitchSpeedLevel)
    System_ToggleMotor                       0x0800367d   Thumb Code   114  app_task.o(i.System_ToggleMotor)
    TIM1_dead_pwm_init                       0x08003959   Thumb Code   200  motor.o(i.TIM1_dead_pwm_init)
    TIM2_IRQHandler                          0x08003a2d   Thumb Code    54  app_task.o(i.TIM2_IRQHandler)
    TIM2_encode_init                         0x08003a69   Thumb Code   198  motor.o(i.TIM2_encode_init)
    TIM4_IRQHandler                          0x08003b35   Thumb Code    56  app_task.o(i.TIM4_IRQHandler)
    TIM4_init                                0x08003b79   Thumb Code    90  motor.o(i.TIM4_init)
    TIM_BDTRConfig                           0x08003bd9   Thumb Code    32  stm32f10x_tim.o(i.TIM_BDTRConfig)
    TIM_BDTRStructInit                       0x08003bf9   Thumb Code    18  stm32f10x_tim.o(i.TIM_BDTRStructInit)
    TIM_CCxCmd                               0x08003c0b   Thumb Code    30  stm32f10x_tim.o(i.TIM_CCxCmd)
    TIM_CCxNCmd                              0x08003c29   Thumb Code    30  stm32f10x_tim.o(i.TIM_CCxNCmd)
    TIM_ClearITPendingBit                    0x08003c47   Thumb Code     6  stm32f10x_tim.o(i.TIM_ClearITPendingBit)
    TIM_Cmd                                  0x08003c4d   Thumb Code    24  stm32f10x_tim.o(i.TIM_Cmd)
    TIM_CtrlPWMOutputs                       0x08003c65   Thumb Code    30  stm32f10x_tim.o(i.TIM_CtrlPWMOutputs)
    TIM_EncoderInterfaceConfig               0x08003c83   Thumb Code    66  stm32f10x_tim.o(i.TIM_EncoderInterfaceConfig)
    TIM_GetCounter                           0x08003cc5   Thumb Code     6  stm32f10x_tim.o(i.TIM_GetCounter)
    TIM_GetDirection                         0x08003ccb   Thumb Code    10  motor.o(i.TIM_GetDirection)
    TIM_GetITStatus                          0x08003cd5   Thumb Code    34  stm32f10x_tim.o(i.TIM_GetITStatus)
    TIM_ICInit                               0x08003cf9   Thumb Code   150  stm32f10x_tim.o(i.TIM_ICInit)
    TIM_ITConfig                             0x08003da5   Thumb Code    18  stm32f10x_tim.o(i.TIM_ITConfig)
    TIM_OC1Init                              0x08003db9   Thumb Code   132  stm32f10x_tim.o(i.TIM_OC1Init)
    TIM_OC1PreloadConfig                     0x08003e51   Thumb Code    18  stm32f10x_tim.o(i.TIM_OC1PreloadConfig)
    TIM_SetCompare1                          0x08003e63   Thumb Code     4  stm32f10x_tim.o(i.TIM_SetCompare1)
    TIM_SetIC1Prescaler                      0x08003e67   Thumb Code    18  stm32f10x_tim.o(i.TIM_SetIC1Prescaler)
    TIM_SetIC2Prescaler                      0x08003e79   Thumb Code    26  stm32f10x_tim.o(i.TIM_SetIC2Prescaler)
    TIM_SetIC3Prescaler                      0x08003e93   Thumb Code    18  stm32f10x_tim.o(i.TIM_SetIC3Prescaler)
    TIM_SetIC4Prescaler                      0x08003ea5   Thumb Code    26  stm32f10x_tim.o(i.TIM_SetIC4Prescaler)
    TIM_TimeBaseInit                         0x08003ec1   Thumb Code   122  stm32f10x_tim.o(i.TIM_TimeBaseInit)
    UIDisplayTask                            0x08003f65   Thumb Code   330  app_task.o(i.UIDisplayTask)
    USART1_IRQHandler                        0x08004129   Thumb Code   122  usart.o(i.USART1_IRQHandler)
    USART_Cmd                                0x080041b1   Thumb Code    24  stm32f10x_usart.o(i.USART_Cmd)
    USART_DMACmd                             0x080041c9   Thumb Code    18  stm32f10x_usart.o(i.USART_DMACmd)
    USART_GetITStatus                        0x080041db   Thumb Code    84  stm32f10x_usart.o(i.USART_GetITStatus)
    USART_Init                               0x08004231   Thumb Code   210  stm32f10x_usart.o(i.USART_Init)
    USART_ReceiveData                        0x08004309   Thumb Code    10  stm32f10x_usart.o(i.USART_ReceiveData)
    UsageFault_Handler                       0x08004313   Thumb Code     4  stm32f10x_it.o(i.UsageFault_Handler)
    WindSpeedTask                            0x08004319   Thumb Code   108  app_task.o(i.WindSpeedTask)
    WindSpeed_GetPWM                         0x0800438d   Thumb Code     6  windspeed.o(i.WindSpeed_GetPWM)
    WindSpeed_GetPWMCCR                      0x08004399   Thumb Code    44  windspeed.o(i.WindSpeed_GetPWMCCR)
    WindSpeed_GetTargetRPM                   0x080043cd   Thumb Code    22  windspeed.o(i.WindSpeed_GetTargetRPM)
    WindSpeed_Init                           0x080043e5   Thumb Code    18  windspeed.o(i.WindSpeed_Init)
    WindSpeed_IsCookingEvent                 0x080043fd   Thumb Code     6  windspeed.o(i.WindSpeed_IsCookingEvent)
    WindSpeed_Update                         0x08004409   Thumb Code   244  windspeed.o(i.WindSpeed_Update)
    __ARM_fpclassify                         0x08004519   Thumb Code    40  fpclassify.o(i.__ARM_fpclassify)
    __kernel_poly                            0x08004541   Thumb Code   170  poly.o(i.__kernel_poly)
    __mathlib_dbl_divzero                    0x080045ed   Thumb Code    12  dunder.o(i.__mathlib_dbl_divzero)
    __mathlib_dbl_infnan2                    0x080045fd   Thumb Code     4  dunder.o(i.__mathlib_dbl_infnan2)
    __mathlib_dbl_invalid                    0x08004601   Thumb Code    12  dunder.o(i.__mathlib_dbl_invalid)
    __mathlib_dbl_overflow                   0x0800460d   Thumb Code    14  dunder.o(i.__mathlib_dbl_overflow)
    __mathlib_dbl_underflow                  0x0800461d   Thumb Code    10  dunder.o(i.__mathlib_dbl_underflow)
    _is_digit                                0x0800462d   Thumb Code    14  __printf_wp.o(i._is_digit)
    _sys_exit                                0x0800463b   Thumb Code     4  usart.o(i._sys_exit)
    delay_init                               0x08004641   Thumb Code    74  delay.o(i.delay_init)
    delay_ms                                 0x0800469d   Thumb Code    60  delay.o(i.delay_ms)
    delay_us                                 0x080046dd   Thumb Code    68  delay.o(i.delay_us)
    fputc                                    0x08004725   Thumb Code    24  usart.o(i.fputc)
    gao_WindSpeed_GetTargetRPM               0x08004741   Thumb Code    22  windspeed.o(i.gao_WindSpeed_GetTargetRPM)
    get_encoder_value                        0x08004759   Thumb Code    22  motor.o(i.get_encoder_value)
    get_speed                                0x08004775   Thumb Code   320  motor.o(i.get_speed)
    io_reset_bit                             0x080048e1   Thumb Code    16  gpio.o(i.io_reset_bit)
    io_set                                   0x080048f1   Thumb Code   142  gpio.o(i.io_set)
    io_set_bit                               0x0800499d   Thumb Code    16  gpio.o(i.io_set_bit)
    main                                     0x080049ad   Thumb Code    20  main.o(i.main)
    motor_dir                                0x080049c1   Thumb Code    54  motor.o(i.motor_dir)
    motor_init                               0x080049fd   Thumb Code    18  motor.o(i.motor_init)
    motor_pwm_set                            0x08004a0f   Thumb Code    46  motor.o(i.motor_pwm_set)
    motor_speed                              0x08004a3d   Thumb Code    20  motor.o(i.motor_speed)
    motor_start                              0x08004a55   Thumb Code    12  motor.o(i.motor_start)
    motor_stop                               0x08004a65   Thumb Code    32  motor.o(i.motor_stop)
    pow                                      0x08004a8d   Thumb Code  2512  pow.o(i.pow)
    pvPortMalloc                             0x08005f65   Thumb Code   262  heap_4.o(i.pvPortMalloc)
    pvTaskIncrementMutexHeldCount            0x080060b5   Thumb Code    26  tasks.o(i.pvTaskIncrementMutexHeldCount)
    pxPortInitialiseStack                    0x080060d5   Thumb Code    30  port.o(i.pxPortInitialiseStack)
    readpin                                  0x080060f9   Thumb Code    14  dht11.o(i.readpin)
    sqrt                                     0x08006107   Thumb Code    76  sqrt.o(i.sqrt)
    uart_init                                0x08006155   Thumb Code   150  usart.o(i.uart_init)
    uxListRemove                             0x080061f5   Thumb Code    40  list.o(i.uxListRemove)
    vListInitialise                          0x0800621d   Thumb Code    26  list.o(i.vListInitialise)
    vListInitialiseItem                      0x08006237   Thumb Code     6  list.o(i.vListInitialiseItem)
    vListInsert                              0x0800623d   Thumb Code    52  list.o(i.vListInsert)
    vListInsertEnd                           0x08006271   Thumb Code    24  list.o(i.vListInsertEnd)
    vPortEnterCritical                       0x08006289   Thumb Code    68  port.o(i.vPortEnterCritical)
    vPortExitCritical                        0x0800630d   Thumb Code    48  port.o(i.vPortExitCritical)
    vPortFree                                0x08006379   Thumb Code   120  heap_4.o(i.vPortFree)
    vPortSetupTimerInterrupt                 0x0800642d   Thumb Code    26  port.o(i.vPortSetupTimerInterrupt)
    vPortValidateInterruptPriority           0x0800644d   Thumb Code    86  port.o(i.vPortValidateInterruptPriority)
    vQueueAddToRegistry                      0x080064e9   Thumb Code    38  queue.o(i.vQueueAddToRegistry)
    vQueueWaitForMessageRestricted           0x08006515   Thumb Code    74  queue.o(i.vQueueWaitForMessageRestricted)
    vTaskDelay                               0x08006561   Thumb Code    72  tasks.o(i.vTaskDelay)
    vTaskDelete                              0x080065d5   Thumb Code   192  tasks.o(i.vTaskDelete)
    vTaskMissedYield                         0x080066e1   Thumb Code     8  tasks.o(i.vTaskMissedYield)
    vTaskPlaceOnEventList                    0x080066ed   Thumb Code    42  tasks.o(i.vTaskPlaceOnEventList)
    vTaskPlaceOnEventListRestricted          0x08006741   Thumb Code    50  tasks.o(i.vTaskPlaceOnEventListRestricted)
    vTaskPriorityInherit                     0x0800679d   Thumb Code   164  tasks.o(i.vTaskPriorityInherit)
    vTaskSetTimeOutState                     0x0800684d   Thumb Code    32  tasks.o(i.vTaskSetTimeOutState)
    vTaskStartScheduler                      0x08006899   Thumb Code   108  tasks.o(i.vTaskStartScheduler)
    vTaskSuspendAll                          0x08006945   Thumb Code    12  tasks.o(i.vTaskSuspendAll)
    vTaskSwitchContext                       0x08006955   Thumb Code   110  tasks.o(i.vTaskSwitchContext)
    xPortStartScheduler                      0x080069fd   Thumb Code   140  port.o(i.xPortStartScheduler)
    xPortSysTickHandler                      0x08006a9d   Thumb Code    46  port.o(i.xPortSysTickHandler)
    xQueueCreateMutex                        0x08006ad1   Thumb Code    34  queue.o(i.xQueueCreateMutex)
    xQueueGenericCreate                      0x08006af5   Thumb Code    78  queue.o(i.xQueueGenericCreate)
    xQueueGenericReceive                     0x08006b69   Thumb Code   416  queue.o(i.xQueueGenericReceive)
    xQueueGenericReset                       0x08006d31   Thumb Code   136  queue.o(i.xQueueGenericReset)
    xQueueGenericSend                        0x08006de1   Thumb Code   412  queue.o(i.xQueueGenericSend)
    xQueueGenericSendFromISR                 0x08006fa5   Thumb Code   234  queue.o(i.xQueueGenericSendFromISR)
    xQueueGiveFromISR                        0x080070b5   Thumb Code   216  queue.o(i.xQueueGiveFromISR)
    xTaskCheckForTimeOut                     0x080071b1   Thumb Code   116  tasks.o(i.xTaskCheckForTimeOut)
    xTaskCreate                              0x08007251   Thumb Code    96  tasks.o(i.xTaskCreate)
    xTaskGetSchedulerState                   0x080072b1   Thumb Code    24  tasks.o(i.xTaskGetSchedulerState)
    xTaskGetTickCount                        0x080072d1   Thumb Code     6  tasks.o(i.xTaskGetTickCount)
    xTaskIncrementTick                       0x080072dd   Thumb Code   272  tasks.o(i.xTaskIncrementTick)
    xTaskPriorityDisinherit                  0x0800743d   Thumb Code   168  tasks.o(i.xTaskPriorityDisinherit)
    xTaskRemoveFromEventList                 0x08007515   Thumb Code   118  tasks.o(i.xTaskRemoveFromEventList)
    xTaskResumeAll                           0x080075c9   Thumb Code   214  tasks.o(i.xTaskResumeAll)
    xTimerCreateTimerTask                    0x080076e9   Thumb Code    56  timers.o(i.xTimerCreateTimerTask)
    xTimerGenericCommand                     0x08007759   Thumb Code   118  timers.o(i.xTimerGenericCommand)
    _get_lc_numeric                          0x080077f9   Thumb Code    44  lc_numeric_c.o(locale$$code)
    __aeabi_d2f                              0x08007825   Thumb Code     0  d2f.o(x$fpl$d2f)
    _d2f                                     0x08007825   Thumb Code    98  d2f.o(x$fpl$d2f)
    __aeabi_dadd                             0x08007889   Thumb Code     0  daddsub_clz.o(x$fpl$dadd)
    _dadd                                    0x08007889   Thumb Code   332  daddsub_clz.o(x$fpl$dadd)
    __fpl_dcheck_NaN1                        0x080079d9   Thumb Code    10  dcheck1.o(x$fpl$dcheck1)
    __fpl_dcmp_Inf                           0x080079e9   Thumb Code    24  dcmpi.o(x$fpl$dcmpinf)
    __aeabi_ddiv                             0x08007a01   Thumb Code     0  ddiv.o(x$fpl$ddiv)
    _ddiv                                    0x08007a01   Thumb Code   552  ddiv.o(x$fpl$ddiv)
    __aeabi_i2d                              0x08007cb1   Thumb Code     0  dflt_clz.o(x$fpl$dflt)
    _dflt                                    0x08007cb1   Thumb Code    46  dflt_clz.o(x$fpl$dflt)
    __aeabi_cdcmple                          0x08007ce1   Thumb Code     0  dleqf.o(x$fpl$dleqf)
    _dcmple                                  0x08007ce1   Thumb Code   120  dleqf.o(x$fpl$dleqf)
    __fpl_dcmple_InfNaN                      0x08007d43   Thumb Code     0  dleqf.o(x$fpl$dleqf)
    __aeabi_dmul                             0x08007d59   Thumb Code     0  dmul.o(x$fpl$dmul)
    _dmul                                    0x08007d59   Thumb Code   332  dmul.o(x$fpl$dmul)
    __fpl_dnaninf                            0x08007ead   Thumb Code   156  dnaninf.o(x$fpl$dnaninf)
    __fpl_dretinf                            0x08007f49   Thumb Code    12  dretinf.o(x$fpl$dretinf)
    __aeabi_cdrcmple                         0x08007f55   Thumb Code     0  drleqf.o(x$fpl$drleqf)
    _drcmple                                 0x08007f55   Thumb Code   108  drleqf.o(x$fpl$drleqf)
    __aeabi_drsub                            0x08007fc1   Thumb Code     0  daddsub_clz.o(x$fpl$drsb)
    _drsb                                    0x08007fc1   Thumb Code    22  daddsub_clz.o(x$fpl$drsb)
    _dsqrt                                   0x08007fd9   Thumb Code   456  dsqrt_noumaal.o(x$fpl$dsqrt)
    __aeabi_dsub                             0x080081a5   Thumb Code     0  daddsub_clz.o(x$fpl$dsub)
    _dsub                                    0x080081a5   Thumb Code   464  daddsub_clz.o(x$fpl$dsub)
    __aeabi_f2d                              0x08008379   Thumb Code     0  f2d.o(x$fpl$f2d)
    _f2d                                     0x08008379   Thumb Code    86  f2d.o(x$fpl$f2d)
    __aeabi_fadd                             0x080083d1   Thumb Code     0  faddsub_clz.o(x$fpl$fadd)
    _fadd                                    0x080083d1   Thumb Code   196  faddsub_clz.o(x$fpl$fadd)
    __fpl_fcmp_Inf                           0x08008495   Thumb Code    24  fcmpi.o(x$fpl$fcmpinf)
    __aeabi_fdiv                             0x080084ad   Thumb Code     0  fdiv.o(x$fpl$fdiv)
    _fdiv                                    0x080084ad   Thumb Code   384  fdiv.o(x$fpl$fdiv)
    __aeabi_f2iz                             0x08008631   Thumb Code     0  ffix.o(x$fpl$ffix)
    _ffix                                    0x08008631   Thumb Code    54  ffix.o(x$fpl$ffix)
    __aeabi_f2uiz                            0x08008669   Thumb Code     0  ffixu.o(x$fpl$ffixu)
    _ffixu                                   0x08008669   Thumb Code    62  ffixu.o(x$fpl$ffixu)
    __aeabi_i2f                              0x080086a9   Thumb Code     0  fflt_clz.o(x$fpl$fflt)
    _fflt                                    0x080086a9   Thumb Code    48  fflt_clz.o(x$fpl$fflt)
    __aeabi_ui2f                             0x080086d9   Thumb Code     0  fflt_clz.o(x$fpl$ffltu)
    _ffltu                                   0x080086d9   Thumb Code    38  fflt_clz.o(x$fpl$ffltu)
    __aeabi_cfcmple                          0x08008701   Thumb Code     0  fleqf.o(x$fpl$fleqf)
    _fcmple                                  0x08008701   Thumb Code   104  fleqf.o(x$fpl$fleqf)
    __fpl_fcmple_InfNaN                      0x08008753   Thumb Code     0  fleqf.o(x$fpl$fleqf)
    __aeabi_fmul                             0x08008769   Thumb Code     0  fmul.o(x$fpl$fmul)
    _fmul                                    0x08008769   Thumb Code   258  fmul.o(x$fpl$fmul)
    __fpl_fnaninf                            0x0800886b   Thumb Code   140  fnaninf.o(x$fpl$fnaninf)
    __fpl_fretinf                            0x080088f7   Thumb Code    10  fretinf.o(x$fpl$fretinf)
    __aeabi_cfrcmple                         0x08008901   Thumb Code     0  frleqf.o(x$fpl$frleqf)
    _frcmple                                 0x08008901   Thumb Code    98  frleqf.o(x$fpl$frleqf)
    __aeabi_fsub                             0x08008965   Thumb Code     0  faddsub_clz.o(x$fpl$fsub)
    _fsub                                    0x08008965   Thumb Code   234  faddsub_clz.o(x$fpl$fsub)
    _printf_fp_dec                           0x08008a4f   Thumb Code     4  printf1.o(x$fpl$printf1)
    __fpl_return_NaN                         0x08008a53   Thumb Code   100  retnan.o(x$fpl$retnan)
    __ARM_scalbn                             0x08008ab7   Thumb Code    92  scalbn.o(x$fpl$scalbn)
    __fpl_cmpreturn                          0x08008b13   Thumb Code    48  trapv.o(x$fpl$trapveneer)
    __I$use$fp                               0x08008b42   Number         0  usenofp.o(x$fpl$usenofp)
    asc2_1206                                0x08008b42   Data        1140  gui.o(.constdata)
    asc2_1608                                0x08008fb6   Data        1520  gui.o(.constdata)
    tfont16                                  0x080095a6   Data        2108  gui.o(.constdata)
    tfont24                                  0x08009de2   Data         518  gui.o(.constdata)
    tfont32                                  0x08009fe8   Data         520  gui.o(.constdata)
    __mathlib_zero                           0x0800a278   Data           8  qnan.o(.constdata)
    Region$$Table$$Base                      0x0800a368   Number         0  anon$$obj.o(Region$$Table)
    Region$$Table$$Limit                     0x0800a388   Number         0  anon$$obj.o(Region$$Table)
    SystemCoreClock                          0x20000000   Data           4  system_stm32f10x.o(.data)
    AHBPrescTable                            0x20000004   Data          16  system_stm32f10x.o(.data)
    __stdout                                 0x2000002c   Data           4  usart.o(.data)
    USART_RX_STA                             0x20000030   Data           2  usart.o(.data)
    POINT_COLOR                              0x20000032   Data           2  lcd.o(.data)
    BACK_COLOR                               0x20000034   Data           2  lcd.o(.data)
    DeviceCode                               0x20000036   Data           2  lcd.o(.data)
    BUF                                      0x20000048   Data           5  dht11.o(.data)
    sum                                      0x20000050   Data           4  dht11.o(.data)
    pxCurrentTCB                             0x20000054   Data           4  tasks.o(.data)
    g_dataMutex                              0x200000c8   Data           4  app_task.o(.data)
    g_speedCalcSemaphore                     0x200000cc   Data           4  app_task.o(.data)
    g_iapSemaphore                           0x200000d0   Data           4  app_task.o(.data)
    overflow                                 0x200000d4   Data           4  app_task.o(.data)
    speed                                    0x200000d8   Data           4  app_task.o(.data)
    bep                                      0x200000dc   Data           8  app_task.o(.data)
    key1Event                                0x200000e4   Data           1  app_task.o(.data)
    key2Event                                0x200000e5   Data           1  app_task.o(.data)
    dht                                      0x200000e8   Data           8  app_task.o(.data)
    USART_RX_BUF                             0x20000138   Data         200  usart.o(.bss)
    lcddev                                   0x20000200   Data          14  lcd.o(.bss)
    xQueueRegistry                           0x20000258   Data          64  queue.o(.bss)
    g_systemState                            0x20002da4   Data          36  app_task.o(.bss)
    g_speedPID                               0x20002dc8   Data          48  app_task.o(.bss)
    g_windSpeedData                          0x20002df8   Data          24  app_task.o(.bss)
    __libspace_start                         0x20002e10   Data          96  libspace.o(.bss)
    __temporary_stack_top$libspace           0x20002e70   Data           0  libspace.o(.bss)



==============================================================================

Memory Map of the image

  Image Entry point : 0x080000ed

  Load Region LR_IROM1 (Base: 0x08000000, Size: 0x0000a4dc, Max: 0x00010000, ABSOLUTE, COMPRESSED[0x0000a3e0])

    Execution Region ER_IROM1 (Exec base: 0x08000000, Load base: 0x08000000, Size: 0x0000a3a4, Max: 0x00010000, ABSOLUTE)

    Exec Addr    Load Addr    Size         Type   Attr      Idx    E Section Name        Object

    0x08000000   0x08000000   0x000000ec   Data   RO           19    RESET               startup_stm32f10x_md.o
    0x080000ec   0x080000ec   0x00000008   Code   RO         5322  * !!!main             c_w.l(__main.o)
    0x080000f4   0x080000f4   0x00000034   Code   RO         5670    !!!scatter          c_w.l(__scatter.o)
    0x08000128   0x08000128   0x0000005a   Code   RO         5668    !!dczerorl2         c_w.l(__dczerorl2.o)
    0x08000182   0x08000182   0x00000002   PAD
    0x08000184   0x08000184   0x0000001c   Code   RO         5672    !!handler_zi        c_w.l(__scatter_zi.o)
    0x080001a0   0x080001a0   0x00000000   Code   RO         5311    .ARM.Collect$$_printf_percent$$00000000  c_w.l(_printf_percent.o)
    0x080001a0   0x080001a0   0x00000006   Code   RO         5310    .ARM.Collect$$_printf_percent$$00000003  c_w.l(_printf_f.o)
    0x080001a6   0x080001a6   0x00000006   Code   RO         5308    .ARM.Collect$$_printf_percent$$00000009  c_w.l(_printf_d.o)
    0x080001ac   0x080001ac   0x00000006   Code   RO         5307    .ARM.Collect$$_printf_percent$$00000014  c_w.l(_printf_s.o)
    0x080001b2   0x080001b2   0x00000004   Code   RO         5399    .ARM.Collect$$_printf_percent$$00000017  c_w.l(_printf_percent_end.o)
    0x080001b6   0x080001b6   0x00000002   Code   RO         5539    .ARM.Collect$$libinit$$00000000  c_w.l(libinit.o)
    0x080001b8   0x080001b8   0x00000000   Code   RO         5541    .ARM.Collect$$libinit$$00000002  c_w.l(libinit2.o)
    0x080001b8   0x080001b8   0x00000000   Code   RO         5543    .ARM.Collect$$libinit$$00000004  c_w.l(libinit2.o)
    0x080001b8   0x080001b8   0x00000000   Code   RO         5546    .ARM.Collect$$libinit$$0000000A  c_w.l(libinit2.o)
    0x080001b8   0x080001b8   0x00000000   Code   RO         5548    .ARM.Collect$$libinit$$0000000C  c_w.l(libinit2.o)
    0x080001b8   0x080001b8   0x00000000   Code   RO         5550    .ARM.Collect$$libinit$$0000000E  c_w.l(libinit2.o)
    0x080001b8   0x080001b8   0x00000006   Code   RO         5551    .ARM.Collect$$libinit$$0000000F  c_w.l(libinit2.o)
    0x080001be   0x080001be   0x00000000   Code   RO         5553    .ARM.Collect$$libinit$$00000011  c_w.l(libinit2.o)
    0x080001be   0x080001be   0x00000000   Code   RO         5555    .ARM.Collect$$libinit$$00000013  c_w.l(libinit2.o)
    0x080001be   0x080001be   0x00000000   Code   RO         5557    .ARM.Collect$$libinit$$00000015  c_w.l(libinit2.o)
    0x080001be   0x080001be   0x0000000a   Code   RO         5558    .ARM.Collect$$libinit$$00000016  c_w.l(libinit2.o)
    0x080001c8   0x080001c8   0x00000000   Code   RO         5559    .ARM.Collect$$libinit$$00000017  c_w.l(libinit2.o)
    0x080001c8   0x080001c8   0x00000000   Code   RO         5561    .ARM.Collect$$libinit$$00000019  c_w.l(libinit2.o)
    0x080001c8   0x080001c8   0x00000000   Code   RO         5563    .ARM.Collect$$libinit$$0000001B  c_w.l(libinit2.o)
    0x080001c8   0x080001c8   0x00000000   Code   RO         5565    .ARM.Collect$$libinit$$0000001D  c_w.l(libinit2.o)
    0x080001c8   0x080001c8   0x00000000   Code   RO         5567    .ARM.Collect$$libinit$$0000001F  c_w.l(libinit2.o)
    0x080001c8   0x080001c8   0x00000000   Code   RO         5569    .ARM.Collect$$libinit$$00000021  c_w.l(libinit2.o)
    0x080001c8   0x080001c8   0x00000000   Code   RO         5571    .ARM.Collect$$libinit$$00000023  c_w.l(libinit2.o)
    0x080001c8   0x080001c8   0x00000000   Code   RO         5573    .ARM.Collect$$libinit$$00000025  c_w.l(libinit2.o)
    0x080001c8   0x080001c8   0x00000000   Code   RO         5577    .ARM.Collect$$libinit$$0000002C  c_w.l(libinit2.o)
    0x080001c8   0x080001c8   0x00000000   Code   RO         5579    .ARM.Collect$$libinit$$0000002E  c_w.l(libinit2.o)
    0x080001c8   0x080001c8   0x00000000   Code   RO         5581    .ARM.Collect$$libinit$$00000030  c_w.l(libinit2.o)
    0x080001c8   0x080001c8   0x00000000   Code   RO         5583    .ARM.Collect$$libinit$$00000032  c_w.l(libinit2.o)
    0x080001c8   0x080001c8   0x00000002   Code   RO         5584    .ARM.Collect$$libinit$$00000033  c_w.l(libinit2.o)
    0x080001ca   0x080001ca   0x00000002   Code   RO         5618    .ARM.Collect$$libshutdown$$00000000  c_w.l(libshutdown.o)
    0x080001cc   0x080001cc   0x00000000   Code   RO         5627    .ARM.Collect$$libshutdown$$00000002  c_w.l(libshutdown2.o)
    0x080001cc   0x080001cc   0x00000000   Code   RO         5629    .ARM.Collect$$libshutdown$$00000004  c_w.l(libshutdown2.o)
    0x080001cc   0x080001cc   0x00000000   Code   RO         5632    .ARM.Collect$$libshutdown$$00000007  c_w.l(libshutdown2.o)
    0x080001cc   0x080001cc   0x00000000   Code   RO         5635    .ARM.Collect$$libshutdown$$0000000A  c_w.l(libshutdown2.o)
    0x080001cc   0x080001cc   0x00000000   Code   RO         5637    .ARM.Collect$$libshutdown$$0000000C  c_w.l(libshutdown2.o)
    0x080001cc   0x080001cc   0x00000000   Code   RO         5640    .ARM.Collect$$libshutdown$$0000000F  c_w.l(libshutdown2.o)
    0x080001cc   0x080001cc   0x00000002   Code   RO         5641    .ARM.Collect$$libshutdown$$00000010  c_w.l(libshutdown2.o)
    0x080001ce   0x080001ce   0x00000000   Code   RO         5384    .ARM.Collect$$rtentry$$00000000  c_w.l(__rtentry.o)
    0x080001ce   0x080001ce   0x00000000   Code   RO         5453    .ARM.Collect$$rtentry$$00000002  c_w.l(__rtentry2.o)
    0x080001ce   0x080001ce   0x00000006   Code   RO         5465    .ARM.Collect$$rtentry$$00000004  c_w.l(__rtentry4.o)
    0x080001d4   0x080001d4   0x00000000   Code   RO         5455    .ARM.Collect$$rtentry$$00000009  c_w.l(__rtentry2.o)
    0x080001d4   0x080001d4   0x00000004   Code   RO         5456    .ARM.Collect$$rtentry$$0000000A  c_w.l(__rtentry2.o)
    0x080001d8   0x080001d8   0x00000000   Code   RO         5458    .ARM.Collect$$rtentry$$0000000C  c_w.l(__rtentry2.o)
    0x080001d8   0x080001d8   0x00000008   Code   RO         5459    .ARM.Collect$$rtentry$$0000000D  c_w.l(__rtentry2.o)
    0x080001e0   0x080001e0   0x00000002   Code   RO         5589    .ARM.Collect$$rtexit$$00000000  c_w.l(rtexit.o)
    0x080001e2   0x080001e2   0x00000000   Code   RO         5598    .ARM.Collect$$rtexit$$00000002  c_w.l(rtexit2.o)
    0x080001e2   0x080001e2   0x00000004   Code   RO         5599    .ARM.Collect$$rtexit$$00000003  c_w.l(rtexit2.o)
    0x080001e6   0x080001e6   0x00000006   Code   RO         5600    .ARM.Collect$$rtexit$$00000004  c_w.l(rtexit2.o)
    0x080001ec   0x080001ec   0x00000096   Code   RO         5032    .emb_text           port.o
    0x08000282   0x08000282   0x00000002   PAD
    0x08000284   0x08000284   0x00000040   Code   RO           20    .text               startup_stm32f10x_md.o
    0x080002c4   0x080002c4   0x00000002   Code   RO         5270    .text               c_w.l(use_no_semi_2.o)
    0x080002c6   0x080002c6   0x00000002   PAD
    0x080002c8   0x080002c8   0x00000018   Code   RO         5276    .text               c_w.l(noretval__2printf.o)
    0x080002e0   0x080002e0   0x00000028   Code   RO         5278    .text               c_w.l(noretval__2sprintf.o)
    0x08000308   0x08000308   0x00000052   Code   RO         5282    .text               c_w.l(_printf_str.o)
    0x0800035a   0x0800035a   0x00000002   PAD
    0x0800035c   0x0800035c   0x00000078   Code   RO         5284    .text               c_w.l(_printf_dec.o)
    0x080003d4   0x080003d4   0x0000010e   Code   RO         5294    .text               c_w.l(__printf_wp.o)
    0x080004e2   0x080004e2   0x0000008a   Code   RO         5316    .text               c_w.l(rt_memcpy_v6.o)
    0x0800056c   0x0800056c   0x00000010   Code   RO         5318    .text               c_w.l(aeabi_memset.o)
    0x0800057c   0x0800057c   0x00000006   Code   RO         5320    .text               c_w.l(heapauxi.o)
    0x08000582   0x08000582   0x00000002   Code   RO         5382    .text               c_w.l(use_no_semi.o)
    0x08000584   0x08000584   0x00000016   Code   RO         5385    .text               c_w.l(_rserrno.o)
    0x0800059a   0x0800059a   0x000000b2   Code   RO         5387    .text               c_w.l(_printf_intcommon.o)
    0x0800064c   0x0800064c   0x0000041e   Code   RO         5389    .text               c_w.l(_printf_fp_dec.o)
    0x08000a6a   0x08000a6a   0x00000002   PAD
    0x08000a6c   0x08000a6c   0x00000030   Code   RO         5391    .text               c_w.l(_printf_char_common.o)
    0x08000a9c   0x08000a9c   0x0000000a   Code   RO         5393    .text               c_w.l(_sputc.o)
    0x08000aa6   0x08000aa6   0x0000002c   Code   RO         5395    .text               c_w.l(_printf_char.o)
    0x08000ad2   0x08000ad2   0x00000002   PAD
    0x08000ad4   0x08000ad4   0x00000024   Code   RO         5397    .text               c_w.l(_printf_char_file.o)
    0x08000af8   0x08000af8   0x00000064   Code   RO         5400    .text               c_w.l(rt_memcpy_w.o)
    0x08000b5c   0x08000b5c   0x00000044   Code   RO         5402    .text               c_w.l(rt_memclr.o)
    0x08000ba0   0x08000ba0   0x00000008   Code   RO         5470    .text               c_w.l(rt_locale_intlibspace.o)
    0x08000ba8   0x08000ba8   0x00000008   Code   RO         5475    .text               c_w.l(rt_errno_addr_intlibspace.o)
    0x08000bb0   0x08000bb0   0x0000008a   Code   RO         5477    .text               c_w.l(lludiv10.o)
    0x08000c3a   0x08000c3a   0x00000002   PAD
    0x08000c3c   0x08000c3c   0x00000080   Code   RO         5479    .text               c_w.l(_printf_fp_infnan.o)
    0x08000cbc   0x08000cbc   0x000000e4   Code   RO         5483    .text               c_w.l(bigflt0.o)
    0x08000da0   0x08000da0   0x00000008   Code   RO         5508    .text               c_w.l(ferror.o)
    0x08000da8   0x08000da8   0x0000004e   Code   RO         5515    .text               c_w.l(rt_memclr_w.o)
    0x08000df6   0x08000df6   0x00000002   PAD
    0x08000df8   0x08000df8   0x00000008   Code   RO         5525    .text               c_w.l(libspace.o)
    0x08000e00   0x08000e00   0x0000004a   Code   RO         5528    .text               c_w.l(sys_stackheap_outer.o)
    0x08000e4a   0x08000e4a   0x00000012   Code   RO         5530    .text               c_w.l(exit.o)
    0x08000e5c   0x08000e5c   0x00000080   Code   RO         5532    .text               c_w.l(strcmpv7m.o)
    0x08000edc   0x08000edc   0x0000003e   Code   RO         5486    CL$$btod_d2e        c_w.l(btod.o)
    0x08000f1a   0x08000f1a   0x00000046   Code   RO         5488    CL$$btod_d2e_denorm_low  c_w.l(btod.o)
    0x08000f60   0x08000f60   0x00000060   Code   RO         5487    CL$$btod_d2e_norm_op1  c_w.l(btod.o)
    0x08000fc0   0x08000fc0   0x00000338   Code   RO         5496    CL$$btod_div_common  c_w.l(btod.o)
    0x080012f8   0x080012f8   0x000000dc   Code   RO         5493    CL$$btod_e2e        c_w.l(btod.o)
    0x080013d4   0x080013d4   0x0000002a   Code   RO         5490    CL$$btod_ediv       c_w.l(btod.o)
    0x080013fe   0x080013fe   0x0000002a   Code   RO         5489    CL$$btod_emul       c_w.l(btod.o)
    0x08001428   0x08001428   0x00000244   Code   RO         5495    CL$$btod_mult_common  c_w.l(btod.o)
    0x0800166c   0x0800166c   0x00000016   Code   RO          202    i.ADC_Cmd           stm32f10x_adc.o
    0x08001682   0x08001682   0x00000002   PAD
    0x08001684   0x08001684   0x0000005c   Code   RO          204    i.ADC_DeInit        stm32f10x_adc.o
    0x080016e0   0x080016e0   0x00000014   Code   RO          210    i.ADC_GetCalibrationStatus  stm32f10x_adc.o
    0x080016f4   0x080016f4   0x00000008   Code   RO          211    i.ADC_GetConversionValue  stm32f10x_adc.o
    0x080016fc   0x080016fc   0x00000012   Code   RO          213    i.ADC_GetFlagStatus  stm32f10x_adc.o
    0x0800170e   0x0800170e   0x00000014   Code   RO          216    i.ADC_GetResetCalibrationStatus  stm32f10x_adc.o
    0x08001722   0x08001722   0x00000002   PAD
    0x08001724   0x08001724   0x00000050   Code   RO          220    i.ADC_Init          stm32f10x_adc.o
    0x08001774   0x08001774   0x000000b8   Code   RO          224    i.ADC_RegularChannelConfig  stm32f10x_adc.o
    0x0800182c   0x0800182c   0x0000000a   Code   RO          225    i.ADC_ResetCalibration  stm32f10x_adc.o
    0x08001836   0x08001836   0x00000016   Code   RO          227    i.ADC_SoftwareStartConvCmd  stm32f10x_adc.o
    0x0800184c   0x0800184c   0x0000000a   Code   RO          229    i.ADC_StartCalibration  stm32f10x_adc.o
    0x08001856   0x08001856   0x00000002   PAD
    0x08001858   0x08001858   0x00000080   Code   RO         5158    i.AntiBackflowTask  app_task.o
    0x080018d8   0x080018d8   0x000000a0   Code   RO         3879    i.Beep_Init         beep.o
    0x08001978   0x08001978   0x00000026   Code   RO         3880    i.Beep_config       beep.o
    0x0800199e   0x0800199e   0x0000000e   Code   RO         3881    i.Beep_off          beep.o
    0x080019ac   0x080019ac   0x0000000e   Code   RO         3882    i.Beep_on           beep.o
    0x080019ba   0x080019ba   0x00000004   Code   RO         3425    i.BusFault_Handler  stm32f10x_it.o
    0x080019be   0x080019be   0x0000001a   Code   RO         3883    i.Buzzer_Beep       beep.o
    0x080019d8   0x080019d8   0x000000a0   Code   RO         3922    i.Clock             dht11.o
    0x08001a78   0x08001a78   0x00000028   Code   RO         4083    i.Constrain         windspeed.o
    0x08001aa0   0x08001aa0   0x00000026   Code   RO         3923    i.DHT11_Read        dht11.o
    0x08001ac6   0x08001ac6   0x0000004a   Code   RO         3924    i.DHT11_Start       dht11.o
    0x08001b10   0x08001b10   0x0000006e   Code   RO         3925    i.DHT_Read_Byte     dht11.o
    0x08001b7e   0x08001b7e   0x00000002   PAD
    0x08001b80   0x08001b80   0x000000cc   Code   RO         3926    i.DHT_Read_Data     dht11.o
    0x08001c4c   0x08001c4c   0x00000002   Code   RO         3426    i.DebugMon_Handler  stm32f10x_it.o
    0x08001c4e   0x08001c4e   0x00000116   Code   RO         1347    i.GPIO_Init         stm32f10x_gpio.o
    0x08001d64   0x08001d64   0x00000012   Code   RO         1351    i.GPIO_ReadInputDataBit  stm32f10x_gpio.o
    0x08001d76   0x08001d76   0x00000004   Code   RO         1354    i.GPIO_ResetBits    stm32f10x_gpio.o
    0x08001d7a   0x08001d7a   0x00000004   Code   RO         1355    i.GPIO_SetBits      stm32f10x_gpio.o
    0x08001d7e   0x08001d7e   0x00000002   PAD
    0x08001d80   0x08001d80   0x00000108   Code   RO         3472    i.GUI_DrawFont16    gui.o
    0x08001e88   0x08001e88   0x00000118   Code   RO         3473    i.GUI_DrawFont24    gui.o
    0x08001fa0   0x08001fa0   0x00000108   Code   RO         3474    i.GUI_DrawFont32    gui.o
    0x080020a8   0x080020a8   0x00000004   Code   RO         3427    i.HardFault_Handler  stm32f10x_it.o
    0x080020ac   0x080020ac   0x00000088   Code   RO         3353    i.Hardware_Init     main.o
    0x08002134   0x08002134   0x0000000c   Code   RO         3970    i.Key1_ClearEvent   key_1.o
    0x08002140   0x08002140   0x0000000c   Code   RO         3971    i.Key1_GetEvent     key_1.o
    0x0800214c   0x0800214c   0x00000018   Code   RO         3973    i.Key1_ReadPin      key_1.o
    0x08002164   0x08002164   0x0000000c   Code   RO         3974    i.Key2_ClearEvent   key_1.o
    0x08002170   0x08002170   0x0000000c   Code   RO         3975    i.Key2_GetEvent     key_1.o
    0x0800217c   0x0800217c   0x0000001c   Code   RO         3977    i.Key2_ReadPin      key_1.o
    0x08002198   0x08002198   0x000000b0   Code   RO         5159    i.KeyScanTask       app_task.o
    0x08002248   0x08002248   0x00000050   Code   RO         3978    i.Key_Init          key_1.o
    0x08002298   0x08002298   0x00000018   Code   RO         3979    i.Key_Scan          key_1.o
    0x080022b0   0x080022b0   0x00000094   Code   RO         3980    i.Key_StateMachine  key_1.o
    0x08002344   0x08002344   0x00000060   Code   RO         3614    i.LCD_Clear         lcd.o
    0x080023a4   0x080023a4   0x0000001c   Code   RO         3615    i.LCD_DrawPoint     lcd.o
    0x080023c0   0x080023c0   0x0000002c   Code   RO         3616    i.LCD_GPIOInit      lcd.o
    0x080023ec   0x080023ec   0x00000240   Code   RO         3617    i.LCD_Init          lcd.o
    0x0800262c   0x0800262c   0x00000028   Code   RO         3618    i.LCD_RESET         lcd.o
    0x08002654   0x08002654   0x00000014   Code   RO         3619    i.LCD_SetCursor     lcd.o
    0x08002668   0x08002668   0x00000058   Code   RO         3620    i.LCD_SetWindows    lcd.o
    0x080026c0   0x080026c0   0x00000124   Code   RO         3482    i.LCD_ShowChar      gui.o
    0x080027e4   0x080027e4   0x00000030   Code   RO         3621    i.LCD_WR_DATA       lcd.o
    0x08002814   0x08002814   0x0000002c   Code   RO         3622    i.LCD_WR_REG        lcd.o
    0x08002840   0x08002840   0x00000010   Code   RO         3623    i.LCD_WriteRAM_Prepare  lcd.o
    0x08002850   0x08002850   0x00000014   Code   RO         3624    i.LCD_WriteReg      lcd.o
    0x08002864   0x08002864   0x0000007c   Code   RO         3625    i.LCD_direction     lcd.o
    0x080028e0   0x080028e0   0x00000038   Code   RO         3626    i.Lcd_WriteData_16Bit  lcd.o
    0x08002918   0x08002918   0x00000034   Code   RO         4046    i.MQ2_GetAdcValue   mq2.o
    0x0800294c   0x0800294c   0x000000d0   Code   RO         4047    i.MQ2_GetGasConcentration  mq2.o
    0x08002a1c   0x08002a1c   0x0000008c   Code   RO         4048    i.MQ2_Init          mq2.o
    0x08002aa8   0x08002aa8   0x00000004   Code   RO         3428    i.MemManage_Handler  stm32f10x_it.o
    0x08002aac   0x08002aac   0x0000024c   Code   RO         5160    i.MotorControlTask  app_task.o
    0x08002cf8   0x08002cf8   0x00000002   Code   RO         3429    i.NMI_Handler       stm32f10x_it.o
    0x08002cfa   0x08002cfa   0x00000002   PAD
    0x08002cfc   0x08002cfc   0x00000070   Code   RO          137    i.NVIC_Init         misc.o
    0x08002d6c   0x08002d6c   0x00000014   Code   RO          138    i.NVIC_PriorityGroupConfig  misc.o
    0x08002d80   0x08002d80   0x000000a6   Code   RO         3846    i.PID_Calculate     pid.o
    0x08002e26   0x08002e26   0x0000003c   Code   RO         3847    i.PID_Init          pid.o
    0x08002e62   0x08002e62   0x00000004   Code   RO         3849    i.PID_SetTarget     pid.o
    0x08002e66   0x08002e66   0x00000002   PAD
    0x08002e68   0x08002e68   0x00000018   Code   RO         1773    i.RCC_ADCCLKConfig  stm32f10x_rcc.o
    0x08002e80   0x08002e80   0x00000020   Code   RO         1775    i.RCC_APB1PeriphClockCmd  stm32f10x_rcc.o
    0x08002ea0   0x08002ea0   0x00000020   Code   RO         1777    i.RCC_APB2PeriphClockCmd  stm32f10x_rcc.o
    0x08002ec0   0x08002ec0   0x00000020   Code   RO         1778    i.RCC_APB2PeriphResetCmd  stm32f10x_rcc.o
    0x08002ee0   0x08002ee0   0x000000d4   Code   RO         1785    i.RCC_GetClocksFreq  stm32f10x_rcc.o
    0x08002fb4   0x08002fb4   0x00000098   Code   RO         3792    i.SPI1_Init         spi.o
    0x0800304c   0x0800304c   0x00000018   Code   RO         2263    i.SPI_Cmd           stm32f10x_spi.o
    0x08003064   0x08003064   0x0000003c   Code   RO         2276    i.SPI_Init          stm32f10x_spi.o
    0x080030a0   0x080030a0   0x00000022   Code   RO         3794    i.SPI_WriteByte     spi.o
    0x080030c2   0x080030c2   0x00000002   PAD
    0x080030c4   0x080030c4   0x0000008c   Code   RO         5161    i.SensorTask        app_task.o
    0x08003150   0x08003150   0x00000008   Code   RO           24    i.SetSysClock       system_stm32f10x.o
    0x08003158   0x08003158   0x000000e0   Code   RO           25    i.SetSysClockTo72   system_stm32f10x.o
    0x08003238   0x08003238   0x0000010c   Code   RO         3486    i.Show_Str          gui.o
    0x08003344   0x08003344   0x00000030   Code   RO         5162    i.SpeedCalcTask     app_task.o
    0x08003374   0x08003374   0x00000128   Code   RO         5163    i.StartTask         app_task.o
    0x0800349c   0x0800349c   0x0000002c   Code   RO         5164    i.StartTask_Create  app_task.o
    0x080034c8   0x080034c8   0x00000028   Code   RO          141    i.SysTick_CLKSourceConfig  misc.o
    0x080034f0   0x080034f0   0x00000010   Code   RO         3196    i.SysTick_Handler   delay.o
    0x08003500   0x08003500   0x00000060   Code   RO           27    i.SystemInit        system_stm32f10x.o
    0x08003560   0x08003560   0x00000050   Code   RO         5165    i.System_Init       app_task.o
    0x080035b0   0x080035b0   0x00000080   Code   RO         5166    i.System_SwitchMode  app_task.o
    0x08003630   0x08003630   0x0000004c   Code   RO         5167    i.System_SwitchSpeedLevel  app_task.o
    0x0800367c   0x0800367c   0x0000009c   Code   RO         5168    i.System_ToggleMotor  app_task.o
    0x08003718   0x08003718   0x00000080   Code   RO         2405    i.TI1_Config        stm32f10x_tim.o
    0x08003798   0x08003798   0x00000098   Code   RO         2406    i.TI2_Config        stm32f10x_tim.o
    0x08003830   0x08003830   0x00000090   Code   RO         2407    i.TI3_Config        stm32f10x_tim.o
    0x080038c0   0x080038c0   0x00000098   Code   RO         2408    i.TI4_Config        stm32f10x_tim.o
    0x08003958   0x08003958   0x000000d4   Code   RO         3708    i.TIM1_dead_pwm_init  motor.o
    0x08003a2c   0x08003a2c   0x0000003c   Code   RO         5169    i.TIM2_IRQHandler   app_task.o
    0x08003a68   0x08003a68   0x000000cc   Code   RO         3709    i.TIM2_encode_init  motor.o
    0x08003b34   0x08003b34   0x00000044   Code   RO         5170    i.TIM4_IRQHandler   app_task.o
    0x08003b78   0x08003b78   0x00000060   Code   RO         3710    i.TIM4_init         motor.o
    0x08003bd8   0x08003bd8   0x00000020   Code   RO         2410    i.TIM_BDTRConfig    stm32f10x_tim.o
    0x08003bf8   0x08003bf8   0x00000012   Code   RO         2411    i.TIM_BDTRStructInit  stm32f10x_tim.o
    0x08003c0a   0x08003c0a   0x0000001e   Code   RO         2413    i.TIM_CCxCmd        stm32f10x_tim.o
    0x08003c28   0x08003c28   0x0000001e   Code   RO         2414    i.TIM_CCxNCmd       stm32f10x_tim.o
    0x08003c46   0x08003c46   0x00000006   Code   RO         2416    i.TIM_ClearITPendingBit  stm32f10x_tim.o
    0x08003c4c   0x08003c4c   0x00000018   Code   RO         2421    i.TIM_Cmd           stm32f10x_tim.o
    0x08003c64   0x08003c64   0x0000001e   Code   RO         2423    i.TIM_CtrlPWMOutputs  stm32f10x_tim.o
    0x08003c82   0x08003c82   0x00000042   Code   RO         2430    i.TIM_EncoderInterfaceConfig  stm32f10x_tim.o
    0x08003cc4   0x08003cc4   0x00000006   Code   RO         2440    i.TIM_GetCounter    stm32f10x_tim.o
    0x08003cca   0x08003cca   0x0000000a   Code   RO         3711    i.TIM_GetDirection  motor.o
    0x08003cd4   0x08003cd4   0x00000022   Code   RO         2442    i.TIM_GetITStatus   stm32f10x_tim.o
    0x08003cf6   0x08003cf6   0x00000002   PAD
    0x08003cf8   0x08003cf8   0x000000ac   Code   RO         2444    i.TIM_ICInit        stm32f10x_tim.o
    0x08003da4   0x08003da4   0x00000012   Code   RO         2446    i.TIM_ITConfig      stm32f10x_tim.o
    0x08003db6   0x08003db6   0x00000002   PAD
    0x08003db8   0x08003db8   0x00000098   Code   RO         2450    i.TIM_OC1Init       stm32f10x_tim.o
    0x08003e50   0x08003e50   0x00000012   Code   RO         2453    i.TIM_OC1PreloadConfig  stm32f10x_tim.o
    0x08003e62   0x08003e62   0x00000004   Code   RO         2482    i.TIM_SetCompare1   stm32f10x_tim.o
    0x08003e66   0x08003e66   0x00000012   Code   RO         2487    i.TIM_SetIC1Prescaler  stm32f10x_tim.o
    0x08003e78   0x08003e78   0x0000001a   Code   RO         2488    i.TIM_SetIC2Prescaler  stm32f10x_tim.o
    0x08003e92   0x08003e92   0x00000012   Code   RO         2489    i.TIM_SetIC3Prescaler  stm32f10x_tim.o
    0x08003ea4   0x08003ea4   0x0000001a   Code   RO         2490    i.TIM_SetIC4Prescaler  stm32f10x_tim.o
    0x08003ebe   0x08003ebe   0x00000002   PAD
    0x08003ec0   0x08003ec0   0x000000a4   Code   RO         2492    i.TIM_TimeBaseInit  stm32f10x_tim.o
    0x08003f64   0x08003f64   0x000001c4   Code   RO         5171    i.UIDisplayTask     app_task.o
    0x08004128   0x08004128   0x00000088   Code   RO         3312    i.USART1_IRQHandler  usart.o
    0x080041b0   0x080041b0   0x00000018   Code   RO         2960    i.USART_Cmd         stm32f10x_usart.o
    0x080041c8   0x080041c8   0x00000012   Code   RO         2961    i.USART_DMACmd      stm32f10x_usart.o
    0x080041da   0x080041da   0x00000054   Code   RO         2964    i.USART_GetITStatus  stm32f10x_usart.o
    0x0800422e   0x0800422e   0x00000002   PAD
    0x08004230   0x08004230   0x000000d8   Code   RO         2967    i.USART_Init        stm32f10x_usart.o
    0x08004308   0x08004308   0x0000000a   Code   RO         2974    i.USART_ReceiveData  stm32f10x_usart.o
    0x08004312   0x08004312   0x00000004   Code   RO         3430    i.UsageFault_Handler  stm32f10x_it.o
    0x08004316   0x08004316   0x00000002   PAD
    0x08004318   0x08004318   0x00000074   Code   RO         5172    i.WindSpeedTask     app_task.o
    0x0800438c   0x0800438c   0x0000000c   Code   RO         4085    i.WindSpeed_GetPWM  windspeed.o
    0x08004398   0x08004398   0x00000034   Code   RO         4086    i.WindSpeed_GetPWMCCR  windspeed.o
    0x080043cc   0x080043cc   0x00000016   Code   RO         4087    i.WindSpeed_GetTargetRPM  windspeed.o
    0x080043e2   0x080043e2   0x00000002   PAD
    0x080043e4   0x080043e4   0x00000018   Code   RO         4088    i.WindSpeed_Init    windspeed.o
    0x080043fc   0x080043fc   0x0000000c   Code   RO         4089    i.WindSpeed_IsCookingEvent  windspeed.o
    0x08004408   0x08004408   0x00000110   Code   RO         4090    i.WindSpeed_Update  windspeed.o
    0x08004518   0x08004518   0x00000028   Code   RO         5439    i.__ARM_fpclassify  m_ws.l(fpclassify.o)
    0x08004540   0x08004540   0x000000aa   Code   RO         5441    i.__kernel_poly     m_ws.l(poly.o)
    0x080045ea   0x080045ea   0x00000002   PAD
    0x080045ec   0x080045ec   0x00000010   Code   RO         5425    i.__mathlib_dbl_divzero  m_ws.l(dunder.o)
    0x080045fc   0x080045fc   0x00000004   Code   RO         5427    i.__mathlib_dbl_infnan2  m_ws.l(dunder.o)
    0x08004600   0x08004600   0x0000000c   Code   RO         5428    i.__mathlib_dbl_invalid  m_ws.l(dunder.o)
    0x0800460c   0x0800460c   0x0000000e   Code   RO         5429    i.__mathlib_dbl_overflow  m_ws.l(dunder.o)
    0x0800461a   0x0800461a   0x00000002   PAD
    0x0800461c   0x0800461c   0x00000010   Code   RO         5431    i.__mathlib_dbl_underflow  m_ws.l(dunder.o)
    0x0800462c   0x0800462c   0x0000000e   Code   RO         5296    i._is_digit         c_w.l(__printf_wp.o)
    0x0800463a   0x0800463a   0x00000004   Code   RO         3313    i._sys_exit         usart.o
    0x0800463e   0x0800463e   0x00000002   PAD
    0x08004640   0x08004640   0x0000005c   Code   RO         3197    i.delay_init        delay.o
    0x0800469c   0x0800469c   0x00000040   Code   RO         3198    i.delay_ms          delay.o
    0x080046dc   0x080046dc   0x00000048   Code   RO         3199    i.delay_us          delay.o
    0x08004724   0x08004724   0x0000001c   Code   RO         3314    i.fputc             usart.o
    0x08004740   0x08004740   0x00000016   Code   RO         4091    i.gao_WindSpeed_GetTargetRPM  windspeed.o
    0x08004756   0x08004756   0x00000002   PAD
    0x08004758   0x08004758   0x0000001c   Code   RO         3712    i.get_encoder_value  motor.o
    0x08004774   0x08004774   0x0000016c   Code   RO         3713    i.get_speed         motor.o
    0x080048e0   0x080048e0   0x00000010   Code   RO         3819    i.io_reset_bit      gpio.o
    0x080048f0   0x080048f0   0x000000ac   Code   RO         3820    i.io_set            gpio.o
    0x0800499c   0x0800499c   0x00000010   Code   RO         3821    i.io_set_bit        gpio.o
    0x080049ac   0x080049ac   0x00000014   Code   RO         3354    i.main              main.o
    0x080049c0   0x080049c0   0x0000003c   Code   RO         3714    i.motor_dir         motor.o
    0x080049fc   0x080049fc   0x00000012   Code   RO         3715    i.motor_init        motor.o
    0x08004a0e   0x08004a0e   0x0000002e   Code   RO         3716    i.motor_pwm_set     motor.o
    0x08004a3c   0x08004a3c   0x00000018   Code   RO         3717    i.motor_speed       motor.o
    0x08004a54   0x08004a54   0x00000010   Code   RO         3718    i.motor_start       motor.o
    0x08004a64   0x08004a64   0x00000028   Code   RO         3719    i.motor_stop        motor.o
    0x08004a8c   0x08004a8c   0x000009d8   Code   RO         5373    i.pow               m_ws.l(pow.o)
    0x08005464   0x08005464   0x00000098   Code   RO         4542    i.prvAddCurrentTaskToDelayedList  tasks.o
    0x080054fc   0x080054fc   0x000000b8   Code   RO         4543    i.prvAddNewTaskToReadyList  tasks.o
    0x080055b4   0x080055b4   0x00000064   Code   RO         4902    i.prvCheckForValidListAndQueue  timers.o
    0x08005618   0x08005618   0x00000064   Code   RO         4544    i.prvCheckTasksWaitingTermination  tasks.o
    0x0800567c   0x0800567c   0x0000002a   Code   RO         4312    i.prvCopyDataFromQueue  queue.o
    0x080056a6   0x080056a6   0x0000007c   Code   RO         4313    i.prvCopyDataToQueue  queue.o
    0x08005722   0x08005722   0x00000012   Code   RO         4545    i.prvDeleteTCB      tasks.o
    0x08005734   0x08005734   0x00000028   Code   RO         4903    i.prvGetNextExpireTime  timers.o
    0x0800575c   0x0800575c   0x0000007c   Code   RO         5109    i.prvHeapInit       heap_4.o
    0x080057d8   0x080057d8   0x00000028   Code   RO         4546    i.prvIdleTask       tasks.o
    0x08005800   0x08005800   0x0000001c   Code   RO         4314    i.prvInitialiseMutex  queue.o
    0x0800581c   0x0800581c   0x0000002e   Code   RO         4315    i.prvInitialiseNewQueue  queue.o
    0x0800584a   0x0800584a   0x00000002   PAD
    0x0800584c   0x0800584c   0x000000d0   Code   RO         4547    i.prvInitialiseNewTask  tasks.o
    0x0800591c   0x0800591c   0x00000068   Code   RO         4548    i.prvInitialiseTaskLists  tasks.o
    0x08005984   0x08005984   0x00000068   Code   RO         5110    i.prvInsertBlockIntoFreeList  heap_4.o
    0x080059ec   0x080059ec   0x00000058   Code   RO         4905    i.prvInsertTimerInActiveList  timers.o
    0x08005a44   0x08005a44   0x0000001a   Code   RO         4316    i.prvIsQueueEmpty   queue.o
    0x08005a5e   0x08005a5e   0x0000001e   Code   RO         4317    i.prvIsQueueFull    queue.o
    0x08005a7c   0x08005a7c   0x000000a0   Code   RO         4318    i.prvNotifyQueueSetContainer  queue.o
    0x08005b1c   0x08005b1c   0x0000007c   Code   RO         4906    i.prvProcessExpiredTimer  timers.o
    0x08005b98   0x08005b98   0x00000128   Code   RO         4907    i.prvProcessReceivedCommands  timers.o
    0x08005cc0   0x08005cc0   0x00000074   Code   RO         4908    i.prvProcessTimerOrBlockTask  timers.o
    0x08005d34   0x08005d34   0x00000034   Code   RO         4550    i.prvResetNextTaskUnblockTime  tasks.o
    0x08005d68   0x08005d68   0x0000002c   Code   RO         4909    i.prvSampleTimeNow  timers.o
    0x08005d94   0x08005d94   0x000000b8   Code   RO         4910    i.prvSwitchTimerLists  timers.o
    0x08005e4c   0x08005e4c   0x0000006c   Code   RO         5033    i.prvTaskExitError  port.o
    0x08005eb8   0x08005eb8   0x0000001a   Code   RO         4911    i.prvTimerTask      timers.o
    0x08005ed2   0x08005ed2   0x00000092   Code   RO         4319    i.prvUnlockQueue    queue.o
    0x08005f64   0x08005f64   0x00000150   Code   RO         5111    i.pvPortMalloc      heap_4.o
    0x080060b4   0x080060b4   0x00000020   Code   RO         4554    i.pvTaskIncrementMutexHeldCount  tasks.o
    0x080060d4   0x080060d4   0x00000024   Code   RO         5034    i.pxPortInitialiseStack  port.o
    0x080060f8   0x080060f8   0x0000000e   Code   RO         3927    i.readpin           dht11.o
    0x08006106   0x08006106   0x0000004c   Code   RO         5445    i.sqrt              m_ws.l(sqrt.o)
    0x08006152   0x08006152   0x00000002   PAD
    0x08006154   0x08006154   0x000000a0   Code   RO         3315    i.uart_init         usart.o
    0x080061f4   0x080061f4   0x00000028   Code   RO         4275    i.uxListRemove      list.o
    0x0800621c   0x0800621c   0x0000001a   Code   RO         4276    i.vListInitialise   list.o
    0x08006236   0x08006236   0x00000006   Code   RO         4277    i.vListInitialiseItem  list.o
    0x0800623c   0x0800623c   0x00000034   Code   RO         4278    i.vListInsert       list.o
    0x08006270   0x08006270   0x00000018   Code   RO         4279    i.vListInsertEnd    list.o
    0x08006288   0x08006288   0x00000084   Code   RO         5036    i.vPortEnterCritical  port.o
    0x0800630c   0x0800630c   0x0000006c   Code   RO         5037    i.vPortExitCritical  port.o
    0x08006378   0x08006378   0x000000b4   Code   RO         5112    i.vPortFree         heap_4.o
    0x0800642c   0x0800642c   0x00000020   Code   RO         5038    i.vPortSetupTimerInterrupt  port.o
    0x0800644c   0x0800644c   0x0000009c   Code   RO         5039    i.vPortValidateInterruptPriority  port.o
    0x080064e8   0x080064e8   0x0000002c   Code   RO         4325    i.vQueueAddToRegistry  queue.o
    0x08006514   0x08006514   0x0000004a   Code   RO         4329    i.vQueueWaitForMessageRestricted  queue.o
    0x0800655e   0x0800655e   0x00000002   PAD
    0x08006560   0x08006560   0x00000074   Code   RO         4562    i.vTaskDelay        tasks.o
    0x080065d4   0x080065d4   0x0000010c   Code   RO         4564    i.vTaskDelete       tasks.o
    0x080066e0   0x080066e0   0x0000000c   Code   RO         4568    i.vTaskMissedYield  tasks.o
    0x080066ec   0x080066ec   0x00000054   Code   RO         4570    i.vTaskPlaceOnEventList  tasks.o
    0x08006740   0x08006740   0x0000005c   Code   RO         4571    i.vTaskPlaceOnEventListRestricted  tasks.o
    0x0800679c   0x0800679c   0x000000b0   Code   RO         4573    i.vTaskPriorityInherit  tasks.o
    0x0800684c   0x0800684c   0x0000004c   Code   RO         4577    i.vTaskSetTimeOutState  tasks.o
    0x08006898   0x08006898   0x000000ac   Code   RO         4578    i.vTaskStartScheduler  tasks.o
    0x08006944   0x08006944   0x00000010   Code   RO         4580    i.vTaskSuspendAll   tasks.o
    0x08006954   0x08006954   0x000000a8   Code   RO         4581    i.vTaskSwitchContext  tasks.o
    0x080069fc   0x080069fc   0x000000a0   Code   RO         5040    i.xPortStartScheduler  port.o
    0x08006a9c   0x08006a9c   0x00000034   Code   RO         5041    i.xPortSysTickHandler  port.o
    0x08006ad0   0x08006ad0   0x00000022   Code   RO         4332    i.xQueueCreateMutex  queue.o
    0x08006af2   0x08006af2   0x00000002   PAD
    0x08006af4   0x08006af4   0x00000074   Code   RO         4334    i.xQueueGenericCreate  queue.o
    0x08006b68   0x08006b68   0x000001c8   Code   RO         4335    i.xQueueGenericReceive  queue.o
    0x08006d30   0x08006d30   0x000000b0   Code   RO         4336    i.xQueueGenericReset  queue.o
    0x08006de0   0x08006de0   0x000001c4   Code   RO         4337    i.xQueueGenericSend  queue.o
    0x08006fa4   0x08006fa4   0x00000110   Code   RO         4338    i.xQueueGenericSendFromISR  queue.o
    0x080070b4   0x080070b4   0x000000fc   Code   RO         4339    i.xQueueGiveFromISR  queue.o
    0x080071b0   0x080071b0   0x000000a0   Code   RO         4582    i.xTaskCheckForTimeOut  tasks.o
    0x08007250   0x08007250   0x00000060   Code   RO         4583    i.xTaskCreate       tasks.o
    0x080072b0   0x080072b0   0x00000020   Code   RO         4587    i.xTaskGetSchedulerState  tasks.o
    0x080072d0   0x080072d0   0x0000000c   Code   RO         4588    i.xTaskGetTickCount  tasks.o
    0x080072dc   0x080072dc   0x00000160   Code   RO         4590    i.xTaskIncrementTick  tasks.o
    0x0800743c   0x0800743c   0x000000d8   Code   RO         4593    i.xTaskPriorityDisinherit  tasks.o
    0x08007514   0x08007514   0x000000b4   Code   RO         4594    i.xTaskRemoveFromEventList  tasks.o
    0x080075c8   0x080075c8   0x00000120   Code   RO         4596    i.xTaskResumeAll    tasks.o
    0x080076e8   0x080076e8   0x00000070   Code   RO         4915    i.xTimerCreateTimerTask  timers.o
    0x08007758   0x08007758   0x000000a0   Code   RO         4916    i.xTimerGenericCommand  timers.o
    0x080077f8   0x080077f8   0x0000002c   Code   RO         5513    locale$$code        c_w.l(lc_numeric_c.o)
    0x08007824   0x08007824   0x00000062   Code   RO         5324    x$fpl$d2f           fz_ws.l(d2f.o)
    0x08007886   0x08007886   0x00000002   PAD
    0x08007888   0x08007888   0x00000150   Code   RO         5404    x$fpl$dadd          fz_ws.l(daddsub_clz.o)
    0x080079d8   0x080079d8   0x00000010   Code   RO         5517    x$fpl$dcheck1       fz_ws.l(dcheck1.o)
    0x080079e8   0x080079e8   0x00000018   Code   RO         5585    x$fpl$dcmpinf       fz_ws.l(dcmpi.o)
    0x08007a00   0x08007a00   0x000002b0   Code   RO         5327    x$fpl$ddiv          fz_ws.l(ddiv.o)
    0x08007cb0   0x08007cb0   0x0000002e   Code   RO         5331    x$fpl$dflt          fz_ws.l(dflt_clz.o)
    0x08007cde   0x08007cde   0x00000002   PAD
    0x08007ce0   0x08007ce0   0x00000078   Code   RO         5519    x$fpl$dleqf         fz_ws.l(dleqf.o)
    0x08007d58   0x08007d58   0x00000154   Code   RO         5336    x$fpl$dmul          fz_ws.l(dmul.o)
    0x08007eac   0x08007eac   0x0000009c   Code   RO         5410    x$fpl$dnaninf       fz_ws.l(dnaninf.o)
    0x08007f48   0x08007f48   0x0000000c   Code   RO         5412    x$fpl$dretinf       fz_ws.l(dretinf.o)
    0x08007f54   0x08007f54   0x0000006c   Code   RO         5414    x$fpl$drleqf        fz_ws.l(drleqf.o)
    0x08007fc0   0x08007fc0   0x00000016   Code   RO         5405    x$fpl$drsb          fz_ws.l(daddsub_clz.o)
    0x08007fd6   0x08007fd6   0x00000002   PAD
    0x08007fd8   0x08007fd8   0x000001cc   Code   RO         5521    x$fpl$dsqrt         fz_ws.l(dsqrt_noumaal.o)
    0x080081a4   0x080081a4   0x000001d4   Code   RO         5406    x$fpl$dsub          fz_ws.l(daddsub_clz.o)
    0x08008378   0x08008378   0x00000056   Code   RO         5338    x$fpl$f2d           fz_ws.l(f2d.o)
    0x080083ce   0x080083ce   0x00000002   PAD
    0x080083d0   0x080083d0   0x000000c4   Code   RO         5340    x$fpl$fadd          fz_ws.l(faddsub_clz.o)
    0x08008494   0x08008494   0x00000018   Code   RO         5416    x$fpl$fcmpinf       fz_ws.l(fcmpi.o)
    0x080084ac   0x080084ac   0x00000184   Code   RO         5347    x$fpl$fdiv          fz_ws.l(fdiv.o)
    0x08008630   0x08008630   0x00000036   Code   RO         5350    x$fpl$ffix          fz_ws.l(ffix.o)
    0x08008666   0x08008666   0x00000002   PAD
    0x08008668   0x08008668   0x0000003e   Code   RO         5354    x$fpl$ffixu         fz_ws.l(ffixu.o)
    0x080086a6   0x080086a6   0x00000002   PAD
    0x080086a8   0x080086a8   0x00000030   Code   RO         5359    x$fpl$fflt          fz_ws.l(fflt_clz.o)
    0x080086d8   0x080086d8   0x00000026   Code   RO         5358    x$fpl$ffltu         fz_ws.l(fflt_clz.o)
    0x080086fe   0x080086fe   0x00000002   PAD
    0x08008700   0x08008700   0x00000068   Code   RO         5364    x$fpl$fleqf         fz_ws.l(fleqf.o)
    0x08008768   0x08008768   0x00000102   Code   RO         5366    x$fpl$fmul          fz_ws.l(fmul.o)
    0x0800886a   0x0800886a   0x0000008c   Code   RO         5418    x$fpl$fnaninf       fz_ws.l(fnaninf.o)
    0x080088f6   0x080088f6   0x0000000a   Code   RO         5420    x$fpl$fretinf       fz_ws.l(fretinf.o)
    0x08008900   0x08008900   0x00000062   Code   RO         5368    x$fpl$frleqf        fz_ws.l(frleqf.o)
    0x08008962   0x08008962   0x00000002   PAD
    0x08008964   0x08008964   0x000000ea   Code   RO         5342    x$fpl$fsub          fz_ws.l(faddsub_clz.o)
    0x08008a4e   0x08008a4e   0x00000004   Code   RO         5370    x$fpl$printf1       fz_ws.l(printf1.o)
    0x08008a52   0x08008a52   0x00000064   Code   RO         5587    x$fpl$retnan        fz_ws.l(retnan.o)
    0x08008ab6   0x08008ab6   0x0000005c   Code   RO         5422    x$fpl$scalbn        fz_ws.l(scalbn.o)
    0x08008b12   0x08008b12   0x00000030   Code   RO         5595    x$fpl$trapveneer    fz_ws.l(trapv.o)
    0x08008b42   0x08008b42   0x00000000   Code   RO         5424    x$fpl$usenofp       fz_ws.l(usenofp.o)
    0x08008b42   0x08008b42   0x000016ae   Data   RO         3491    .constdata          gui.o
    0x0800a1f0   0x0800a1f0   0x00000088   Data   RO         5374    .constdata          m_ws.l(pow.o)
    0x0800a278   0x0800a278   0x00000008   Data   RO         5443    .constdata          m_ws.l(qnan.o)
    0x0800a280   0x0800a280   0x00000094   Data   RO         5484    .constdata          c_w.l(bigflt0.o)
    0x0800a314   0x0800a314   0x00000054   Data   RO         5174    .conststring        app_task.o
    0x0800a368   0x0800a368   0x00000020   Data   RO         5666    Region$$Table       anon$$obj.o
    0x0800a388   0x0800a388   0x0000001c   Data   RO         5512    locale$$data        c_w.l(lc_numeric_c.o)


    Execution Region RW_IRAM1 (Exec base: 0x20000000, Load base: 0x0800a3a4, Size: 0x00003470, Max: 0x00005000, ABSOLUTE, COMPRESSED[0x0000003c])

    Exec Addr    Load Addr    Size         Type   Attr      Idx    E Section Name        Object

    0x20000000   COMPRESSED   0x00000014   Data   RW           28    .data               system_stm32f10x.o
    0x20000014   COMPRESSED   0x00000014   Data   RW         1805    .data               stm32f10x_rcc.o
    0x20000028   COMPRESSED   0x00000004   Data   RW         3201    .data               delay.o
    0x2000002c   COMPRESSED   0x00000006   Data   RW         3317    .data               usart.o
    0x20000032   COMPRESSED   0x00000006   Data   RW         3628    .data               lcd.o
    0x20000038   COMPRESSED   0x00000010   Data   RW         3721    .data               motor.o
    0x20000048   COMPRESSED   0x0000000c   Data   RW         3928    .data               dht11.o
    0x20000054   COMPRESSED   0x0000003c   Data   RW         4599    .data               tasks.o
    0x20000090   COMPRESSED   0x00000014   Data   RW         4924    .data               timers.o
    0x200000a4   COMPRESSED   0x0000000c   Data   RW         5042    .data               port.o
    0x200000b0   COMPRESSED   0x00000018   Data   RW         5117    .data               heap_4.o
    0x200000c8   COMPRESSED   0x00000070   Data   RW         5175    .data               app_task.o
    0x20000138        -       0x000000c8   Zero   RW         3316    .bss                usart.o
    0x20000200        -       0x0000000e   Zero   RW         3627    .bss                lcd.o
    0x2000020e   COMPRESSED   0x00000002   PAD
    0x20000210        -       0x00000028   Zero   RW         3720    .bss                motor.o
    0x20000238        -       0x00000020   Zero   RW         3981    .bss                key_1.o
    0x20000258        -       0x00000040   Zero   RW         4349    .bss                queue.o
    0x20000298        -       0x000002e4   Zero   RW         4598    .bss                tasks.o
    0x2000057c        -       0x00000028   Zero   RW         4923    .bss                timers.o
    0x200005a4        -       0x00002800   Zero   RW         5116    .bss                heap_4.o
    0x20002da4        -       0x0000006c   Zero   RW         5173    .bss                app_task.o
    0x20002e10        -       0x00000060   Zero   RW         5526    .bss                c_w.l(libspace.o)
    0x20002e70        -       0x00000200   Zero   RW           18    HEAP                startup_stm32f10x_md.o
    0x20003070        -       0x00000400   Zero   RW           17    STACK               startup_stm32f10x_md.o


==============================================================================

Image component sizes


      Code (inc. data)   RO Data    RW Data    ZI Data      Debug   Object Name

      2556        462         84        112        108      11447   app_task.o
       252         30          0          0          0       2857   beep.o
         0          0          0          0          0       4548   core_cm3.o
       244         26          0          4          0      12105   delay.o
       600         40          0         12          0       4131   dht11.o
         0          0          0          0          0      11740   event_groups.o
       204         30          0          0          0       2017   gpio.o
      1368         56       5806          0          0       5927   gui.o
       744        168          0         24      10240       3703   heap_4.o
       352         58          0          0         32       5605   key_1.o
      1200         68          0          6         14       8397   lcd.o
       148          0          0          0          0       2894   list.o
       156         26          0          0          0       8095   main.o
       172         22          0          0          0     214177   misc.o
      1118         96          0         16         40       7670   motor.o
       400         40          0          0          0       1703   mq2.o
       230          0          0          0          0       2519   pid.o
       934        304          0         12          0       9989   port.o
      2478        274          0          0         64      14661   queue.o
       186          8          0          0          0       1340   spi.o
        64         26        236          0       1536        780   startup_stm32f10x_md.o
       486         24          0          0          0      18662   stm32f10x_adc.o
       304          0          0          0          0      11716   stm32f10x_gpio.o
        20          0          0          0          0       2433   stm32f10x_it.o
       332         44          0         20          0      13926   stm32f10x_rcc.o
        84          0          0          0          0       8841   stm32f10x_spi.o
      1468        170          0          0          0      34706   stm32f10x_tim.o
       352          6          0          0          0      10440   stm32f10x_usart.o
       328         28          0         20          0      52265   system_stm32f10x.o
      3406        878          0         60        740      27779   tasks.o
      1290        292          0         20         40       8123   timers.o
       328         28          0          6        200       3932   usart.o
       456         54          0          0          0       4174   windspeed.o

    ----------------------------------------------------------------------
     22300       3258       6158        312      13016     533302   Object Totals
         0          0         32          0          0          0   (incl. Generated)
        40          0          0          0          2          0   (incl. Padding)

    ----------------------------------------------------------------------

      Code (inc. data)   RO Data    RW Data    ZI Data      Debug   Library Member Name

        90          0          0          0          0          0   __dczerorl2.o
         8          0          0          0          0         68   __main.o
       284          0          0          0          0        156   __printf_wp.o
         0          0          0          0          0          0   __rtentry.o
        12          0          0          0          0          0   __rtentry2.o
         6          0          0          0          0          0   __rtentry4.o
        52          8          0          0          0          0   __scatter.o
        28          0          0          0          0          0   __scatter_zi.o
        44          0          0          0          0        108   _printf_char.o
        48          6          0          0          0         96   _printf_char_common.o
        36          4          0          0          0         80   _printf_char_file.o
         6          0          0          0          0          0   _printf_d.o
       120         16          0          0          0         92   _printf_dec.o
         6          0          0          0          0          0   _printf_f.o
      1054          0          0          0          0        216   _printf_fp_dec.o
       128         16          0          0          0         84   _printf_fp_infnan.o
       178          0          0          0          0         88   _printf_intcommon.o
         0          0          0          0          0          0   _printf_percent.o
         4          0          0          0          0          0   _printf_percent_end.o
         6          0          0          0          0          0   _printf_s.o
        82          0          0          0          0         80   _printf_str.o
        22          0          0          0          0        100   _rserrno.o
        10          0          0          0          0         68   _sputc.o
        16          0          0          0          0         68   aeabi_memset.o
       228          4        148          0          0         96   bigflt0.o
      1936        128          0          0          0        672   btod.o
        18          0          0          0          0         80   exit.o
         8          0          0          0          0         68   ferror.o
         6          0          0          0          0        152   heapauxi.o
        44         10         28          0          0         76   lc_numeric_c.o
         2          0          0          0          0          0   libinit.o
        18          0          0          0          0          0   libinit2.o
         2          0          0          0          0          0   libshutdown.o
         2          0          0          0          0          0   libshutdown2.o
         8          4          0          0         96         68   libspace.o
       138          0          0          0          0         80   lludiv10.o
        24          4          0          0          0         84   noretval__2printf.o
        40          6          0          0          0         84   noretval__2sprintf.o
         8          4          0          0          0         68   rt_errno_addr_intlibspace.o
         8          4          0          0          0         68   rt_locale_intlibspace.o
        68          0          0          0          0         68   rt_memclr.o
        78          0          0          0          0         80   rt_memclr_w.o
       138          0          0          0          0         68   rt_memcpy_v6.o
       100          0          0          0          0         80   rt_memcpy_w.o
         2          0          0          0          0          0   rtexit.o
        10          0          0          0          0          0   rtexit2.o
       128          0          0          0          0         68   strcmpv7m.o
        74          0          0          0          0         80   sys_stackheap_outer.o
         2          0          0          0          0         68   use_no_semi.o
         2          0          0          0          0         68   use_no_semi_2.o
        98          4          0          0          0         92   d2f.o
       826         16          0          0          0        348   daddsub_clz.o
        16          4          0          0          0         68   dcheck1.o
        24          0          0          0          0         68   dcmpi.o
       688        140          0          0          0        208   ddiv.o
        46          0          0          0          0         68   dflt_clz.o
       120          4          0          0          0         92   dleqf.o
       340         12          0          0          0        104   dmul.o
       156          4          0          0          0         92   dnaninf.o
        12          0          0          0          0         68   dretinf.o
       108          0          0          0          0         80   drleqf.o
       460         56          0          0          0        120   dsqrt_noumaal.o
        86          4          0          0          0         84   f2d.o
       430          8          0          0          0        168   faddsub_clz.o
        24          0          0          0          0         68   fcmpi.o
       388         76          0          0          0         96   fdiv.o
        54          4          0          0          0         84   ffix.o
        62          4          0          0          0         84   ffixu.o
        86          0          0          0          0        136   fflt_clz.o
       104          4          0          0          0         84   fleqf.o
       258          4          0          0          0         84   fmul.o
       140          4          0          0          0         84   fnaninf.o
        10          0          0          0          0         68   fretinf.o
        98          0          0          0          0         68   frleqf.o
         4          0          0          0          0         68   printf1.o
       100          0          0          0          0         68   retnan.o
        92          0          0          0          0         68   scalbn.o
        48          0          0          0          0         68   trapv.o
         0          0          0          0          0          0   usenofp.o
        62         10          0          0          0        340   dunder.o
        40          0          0          0          0         68   fpclassify.o
       170          0          0          0          0         96   poly.o
      2520        190        136          0          0        324   pow.o
         0          0          8          0          0          0   qnan.o
        76          0          0          0          0         84   sqrt.o

    ----------------------------------------------------------------------
     13114        762        320          0         96       7180   Library Totals
        36          0          0          0          0          0   (incl. Padding)

    ----------------------------------------------------------------------

      Code (inc. data)   RO Data    RW Data    ZI Data      Debug   Library Name

      5332        214        176          0         96       3480   c_w.l
      4878        348          0          0          0       2788   fz_ws.l
      2868        200        144          0          0        912   m_ws.l

    ----------------------------------------------------------------------
     13114        762        320          0         96       7180   Library Totals

    ----------------------------------------------------------------------

==============================================================================


      Code (inc. data)   RO Data    RW Data    ZI Data      Debug   

     35414       4020       6478        312      13112     524670   Grand Totals
     35414       4020       6478         60      13112     524670   ELF Image Totals (compressed)
     35414       4020       6478         60          0          0   ROM Totals

==============================================================================

    Total RO  Size (Code + RO Data)                41892 (  40.91kB)
    Total RW  Size (RW Data + ZI Data)             13424 (  13.11kB)
    Total ROM Size (Code + RO Data + RW Data)      41952 (  40.97kB)

==============================================================================

